Archive member included because of file (symbol)

c:/winavr-20100110/bin/../lib/gcc/avr/4.3.3/avr5\libgcc.a(_mulsi3.o)
                              uzeboxSoundEngine.o (__mulsi3)
c:/winavr-20100110/bin/../lib/gcc/avr/4.3.3/avr5\libgcc.a(_udivmodqi4.o)
                              uzeboxVideoEngine.o (__udivmodqi4)
c:/winavr-20100110/bin/../lib/gcc/avr/4.3.3/avr5\libgcc.a(_udivmodhi4.o)
                              uzeboxVideoEngine.o (__udivmodhi4)
c:/winavr-20100110/bin/../lib/gcc/avr/4.3.3/avr5\libgcc.a(_divmodhi4.o)
                              uzeboxSoundEngine.o (__divmodhi4)
c:/winavr-20100110/bin/../lib/gcc/avr/4.3.3/avr5\libgcc.a(_udivmodsi4.o)
                              uzeboxSoundEngine.o (__udivmodsi4)
c:/winavr-20100110/bin/../lib/gcc/avr/4.3.3/avr5\libgcc.a(_prologue.o)
                              uzeboxCore.o (__prologue_saves__)
c:/winavr-20100110/bin/../lib/gcc/avr/4.3.3/avr5\libgcc.a(_epilogue.o)
                              uzeboxCore.o (__epilogue_restores__)
c:/winavr-20100110/bin/../lib/gcc/avr/4.3.3/avr5\libgcc.a(_exit.o)
                              c:/winavr-20100110/bin/../lib/gcc/avr/4.3.3/../../../../avr/lib/avr5/crtm644.o (exit)
c:/winavr-20100110/bin/../lib/gcc/avr/4.3.3/avr5\libgcc.a(_copy_data.o)
                              uzeboxVideoEngine.o (__do_copy_data)
c:/winavr-20100110/bin/../lib/gcc/avr/4.3.3/avr5\libgcc.a(_clear_bss.o)
                              uzeboxCore.o (__do_clear_bss)

Allocating common symbols
Common symbol       size              file

cpuhighestcolumn    0x1               main.o
cpudecision         0x2               main.o
magicjewelsonscreen
                    0x1               main.o
magiccolorwait      0x1               main.o
songStart           0x2               uzeboxSoundEngine.o
crashedyvel         0x6               main.o
cpuskill            0x1               main.o
vsyncs              0x1               main.o
totalvsyncs         0x2               main.o
cpumovepos          0x2               main.o
magiccolor          0x1               main.o
oldpadstate         0x4               main.o
padstate            0x4               main.o
tracks              0x6e              uzeboxSoundEngine.o
droptimer           0x2               main.o
fadeSpeed           0x1               uzeboxVideoEngine.o
currDeltaTime       0x2               uzeboxSoundEngine.o
fadeDir             0x1               uzeboxVideoEngine.o
patchPointers       0x2               uzeboxSoundEngine.o
crashedpiecex       0xc               main.o
cursetype           0x2               main.o
demo_num            0x1               main.o
lastStatus          0x1               uzeboxSoundEngine.o
cpuheightmultiplier
                    0x1               main.o
demo_off            0x2               main.o
absoluteTime        0x2               uzeboxSoundEngine.o
magicjewelssummoned
                    0x2               main.o
cpuflashingjeweloffset
                    0x1               main.o
tickssincetempochange
                    0x1               main.o
songTempo           0x2               uzeboxSoundEngine.o
rtl_FontStartOffset
                    0x1               main.o
joypadsConnectionStatus
                    0x1               uzeboxCore.o
stateframe          0x2               main.o
cpumovenum          0x2               main.o
free_tile_index     0x1               uzeboxVideoEngine.o
cursetime           0x4               main.o
pcm_priority        0x1               main.o
game_mode           0x1               main.o
debug               0x1               main.o
game_state          0x1               main.o
fadeActive          0x1               uzeboxVideoEngine.o
cpustate            0x1               main.o
cpulastchangeddir   0x1               main.o
piecey              0x2               main.o
state               0x2               main.o
cpumovewait         0x1               main.o
well                0xc0              main.o
preview             0x6               main.o
score               0x2               main.o
cpuevalmultiplier   0x1               main.o
cpulastchain        0x1               main.o
masterVolume        0x1               uzeboxSoundEngine.o
cpulasteval         0x4               main.o
crashcomingup       0x2               main.o
musicspeed          0x1               main.o
nextDeltaTime       0x2               uzeboxSoundEngine.o
piece               0x6               main.o
winner              0x1               main.o
songPos             0x2               uzeboxSoundEngine.o
cpulastbufferoff    0x1               main.o
level               0x1               main.o
demo_inp_wait       0x1               main.o
cursorpos           0x1               main.o
oldsongPos          0x2               main.o
statetimer          0x2               main.o
pcm_timeleft        0x1               main.o
sideheld            0x2               main.o
crashedredrawtime   0x1               main.o
cpubestoff          0x1               main.o
crashedtype         0x6               main.o
wellfullness        0x4               main.o
lfsr                0x6               main.o
flashcount          0x1               main.o
piecerot            0x2               main.o
jewels              0x4               main.o
chain               0x2               main.o
piecex              0x2               main.o
flashingjeweltimer  0x2               main.o
wasmagicjewel       0x2               main.o
loopStart           0x2               uzeboxSoundEngine.o
cpulastscore        0x4               main.o
demo_decision       0x1               main.o
halfstep            0x2               main.o
cpuhighestcolumnmag
                    0x1               main.o
crashheight         0x2               main.o
cpusecondmovemultiplier
                    0x1               main.o
currFadeFrame       0x1               uzeboxVideoEngine.o
fadeStep            0x1               uzeboxVideoEngine.o
crashedpiecey       0xc               main.o
countsss            0x2               main.o
crashcomingdown     0x2               main.o
cpubasemultiplier   0x1               main.o
rtl_CharMap         0x2               main.o
ramtilestate        0x2               main.o
cpueval             0x48              main.o
cpubaseval          0x4               main.o
cpuscoretocome      0x1               main.o
cpubestscore        0x6               main.o
crashedxvel         0x6               main.o
demotime            0x2               main.o
cpuscoremultiplier  0x1               main.o
cputotal            0x4               main.o

Discarded input sections

 .data          0x00000000        0x0 c:/winavr-20100110/bin/../lib/gcc/avr/4.3.3/../../../../avr/lib/avr5/crtm644.o
 .bss           0x00000000        0x0 c:/winavr-20100110/bin/../lib/gcc/avr/4.3.3/../../../../avr/lib/avr5/crtm644.o
 .data          0x00000000        0x0 uzeboxVideoEngineCore.o
 .text.ClearVram
                0x00000000        0x0 uzeboxVideoEngineCore.o
 .text.WaitUs   0x00000000        0x0 uzeboxVideoEngineCore.o
 .text.SetUserPreVsyncCallback
                0x00000000        0x0 uzeboxVideoEngineCore.o
 .text.SetUserPostVsyncCallback
                0x00000000        0x0 uzeboxVideoEngineCore.o
 .text.IsRunningInEmulator
                0x00000000        0x0 uzeboxVideoEngineCore.o
 .text.internal_spi_byte
                0x00000000        0x0 uzeboxVideoEngineCore.o
 .text          0x00000000        0x0 uzeboxCore.o
 .data          0x00000000        0x0 uzeboxCore.o
 .bss           0x00000000        0x0 uzeboxCore.o
 .text.SoftReset
                0x00000000        0x0 uzeboxCore.o
 .text.SetRenderingParameters
                0x00000000        0x0 uzeboxCore.o
 .text.ReadPowerSwitch
                0x00000000        0x0 uzeboxCore.o
 .text.EepromReadBlock
                0x00000000        0x0 uzeboxCore.o
 .text.EepromWriteBlock
                0x00000000        0x0 uzeboxCore.o
 .text.FormatEeprom2
                0x00000000        0x0 uzeboxCore.o
 .text.DetectControllers
                0x00000000        0x0 uzeboxCore.o
 .text          0x00000000        0x0 uzeboxSoundEngine.o
 .data          0x00000000        0x0 uzeboxSoundEngine.o
 .bss           0x00000000        0x0 uzeboxSoundEngine.o
 .text.GetSongTempo
                0x00000000        0x0 uzeboxSoundEngine.o
 .text.RestartSong
                0x00000000        0x0 uzeboxSoundEngine.o
 .text.StopSong
                0x00000000        0x0 uzeboxSoundEngine.o
 .text.GetMasterVolume
                0x00000000        0x0 uzeboxSoundEngine.o
 .data          0x00000000        0x0 uzeboxSoundEngineCore.o
 .text.EnableSoundEngine
                0x00000000        0x0 uzeboxSoundEngineCore.o
 .text          0x00000000        0x0 uzeboxVideoEngine.o
 .data          0x00000000        0x0 uzeboxVideoEngine.o
 .bss           0x00000000        0x0 uzeboxVideoEngine.o
 .text.DrawMap2
                0x00000000        0x0 uzeboxVideoEngine.o
 .text.doFade   0x00000000        0x0 uzeboxVideoEngine.o
 .text.FontFill
                0x00000000        0x0 uzeboxVideoEngine.o
 .text.PrintChar
                0x00000000        0x0 uzeboxVideoEngine.o
 .text.PrintRam
                0x00000000        0x0 uzeboxVideoEngine.o
 .text.Print    0x00000000        0x0 uzeboxVideoEngine.o
 .text.PrintHexByte
                0x00000000        0x0 uzeboxVideoEngine.o
 .text.PrintHexLong
                0x00000000        0x0 uzeboxVideoEngine.o
 .text.PrintHexInt
                0x00000000        0x0 uzeboxVideoEngine.o
 .text.PrintBinaryByte
                0x00000000        0x0 uzeboxVideoEngine.o
 .text.PrintInt
                0x00000000        0x0 uzeboxVideoEngine.o
 .text.PrintByte
                0x00000000        0x0 uzeboxVideoEngine.o
 .text.PrintLong
                0x00000000        0x0 uzeboxVideoEngine.o
 .text.Fill     0x00000000        0x0 uzeboxVideoEngine.o
 .text.DrawMap  0x00000000        0x0 uzeboxVideoEngine.o
 .data.spritesOn
                0x00000000        0x0 uzeboxVideoEngine.o
 .text          0x00000000        0x0 main.o
 .data          0x00000000        0x0 main.o
 .bss           0x00000000        0x0 main.o
 .text.rtl_SearchCharList
                0x00000000        0x0 main.o
 .text.rtl_Print2num
                0x00000000        0x0 main.o
 .text.rtl_Print3num
                0x00000000        0x0 main.o
 .text.rtl_Print4num
                0x00000000        0x0 main.o
 .text.StartDown
                0x00000000        0x0 main.o
 .text.SelectDown
                0x00000000        0x0 main.o
 .text.UpDown   0x00000000        0x0 main.o
 .text.LeftDown
                0x00000000        0x0 main.o
 .text.RightDown
                0x00000000        0x0 main.o
 .text.DownDown
                0x00000000        0x0 main.o
 .text.LeftHeld
                0x00000000        0x0 main.o
 .text.RightHeld
                0x00000000        0x0 main.o
 .text.DownHeld
                0x00000000        0x0 main.o
 .text.ADown    0x00000000        0x0 main.o
 .text.BDown    0x00000000        0x0 main.o
 .text.XDown    0x00000000        0x0 main.o
 .text.YDown    0x00000000        0x0 main.o
 .text.LSDown   0x00000000        0x0 main.o
 .text.RSDown   0x00000000        0x0 main.o
 .text.reset_prng
                0x00000000        0x0 main.o
 .text.clear_well
                0x00000000        0x0 main.o
 .text.FillVram
                0x00000000        0x0 main.o
 .text.ColumnsPrint3num33
                0x00000000        0x0 main.o
 .text.ColumnsPrintLong
                0x00000000        0x0 main.o
 .text.APopulatedColumn
                0x00000000        0x0 main.o
 .text.TallestColumn
                0x00000000        0x0 main.o
 .text.BestPopulatedColumn
                0x00000000        0x0 main.o
 .text.CpuDebug
                0x00000000        0x0 main.o
 .text.CheckIdleTicks
                0x00000000        0x0 main.o
 .text.UzenetInit
                0x00000000        0x0 main.o
 .text.DropPiece
                0x00000000        0x0 main.o
 .text.ClearTopRows
                0x00000000        0x0 main.o
 .text.Intro    0x00000000        0x0 main.o
 .text.CpuDisplayBuffer
                0x00000000        0x0 main.o
 .bss.cpulastrunscore
                0x00000000        0x0 main.o
 .data.cpulastevalchange
                0x00000000        0x0 main.o
 .data          0x00000000        0x0 cpuasm.o
 .text          0x00000000        0x0 c:/winavr-20100110/bin/../lib/gcc/avr/4.3.3/avr5\libgcc.a(_mulsi3.o)
 .data          0x00000000        0x0 c:/winavr-20100110/bin/../lib/gcc/avr/4.3.3/avr5\libgcc.a(_mulsi3.o)
 .bss           0x00000000        0x0 c:/winavr-20100110/bin/../lib/gcc/avr/4.3.3/avr5\libgcc.a(_mulsi3.o)
 .text          0x00000000        0x0 c:/winavr-20100110/bin/../lib/gcc/avr/4.3.3/avr5\libgcc.a(_udivmodqi4.o)
 .data          0x00000000        0x0 c:/winavr-20100110/bin/../lib/gcc/avr/4.3.3/avr5\libgcc.a(_udivmodqi4.o)
 .bss           0x00000000        0x0 c:/winavr-20100110/bin/../lib/gcc/avr/4.3.3/avr5\libgcc.a(_udivmodqi4.o)
 .text          0x00000000        0x0 c:/winavr-20100110/bin/../lib/gcc/avr/4.3.3/avr5\libgcc.a(_udivmodhi4.o)
 .data          0x00000000        0x0 c:/winavr-20100110/bin/../lib/gcc/avr/4.3.3/avr5\libgcc.a(_udivmodhi4.o)
 .bss           0x00000000        0x0 c:/winavr-20100110/bin/../lib/gcc/avr/4.3.3/avr5\libgcc.a(_udivmodhi4.o)
 .text          0x00000000        0x0 c:/winavr-20100110/bin/../lib/gcc/avr/4.3.3/avr5\libgcc.a(_divmodhi4.o)
 .data          0x00000000        0x0 c:/winavr-20100110/bin/../lib/gcc/avr/4.3.3/avr5\libgcc.a(_divmodhi4.o)
 .bss           0x00000000        0x0 c:/winavr-20100110/bin/../lib/gcc/avr/4.3.3/avr5\libgcc.a(_divmodhi4.o)
 .text          0x00000000        0x0 c:/winavr-20100110/bin/../lib/gcc/avr/4.3.3/avr5\libgcc.a(_udivmodsi4.o)
 .data          0x00000000        0x0 c:/winavr-20100110/bin/../lib/gcc/avr/4.3.3/avr5\libgcc.a(_udivmodsi4.o)
 .bss           0x00000000        0x0 c:/winavr-20100110/bin/../lib/gcc/avr/4.3.3/avr5\libgcc.a(_udivmodsi4.o)
 .text          0x00000000        0x0 c:/winavr-20100110/bin/../lib/gcc/avr/4.3.3/avr5\libgcc.a(_prologue.o)
 .data          0x00000000        0x0 c:/winavr-20100110/bin/../lib/gcc/avr/4.3.3/avr5\libgcc.a(_prologue.o)
 .bss           0x00000000        0x0 c:/winavr-20100110/bin/../lib/gcc/avr/4.3.3/avr5\libgcc.a(_prologue.o)
 .text          0x00000000        0x0 c:/winavr-20100110/bin/../lib/gcc/avr/4.3.3/avr5\libgcc.a(_epilogue.o)
 .data          0x00000000        0x0 c:/winavr-20100110/bin/../lib/gcc/avr/4.3.3/avr5\libgcc.a(_epilogue.o)
 .bss           0x00000000        0x0 c:/winavr-20100110/bin/../lib/gcc/avr/4.3.3/avr5\libgcc.a(_epilogue.o)
 .text          0x00000000        0x0 c:/winavr-20100110/bin/../lib/gcc/avr/4.3.3/avr5\libgcc.a(_exit.o)
 .data          0x00000000        0x0 c:/winavr-20100110/bin/../lib/gcc/avr/4.3.3/avr5\libgcc.a(_exit.o)
 .bss           0x00000000        0x0 c:/winavr-20100110/bin/../lib/gcc/avr/4.3.3/avr5\libgcc.a(_exit.o)
 .text.libgcc   0x00000000        0x0 c:/winavr-20100110/bin/../lib/gcc/avr/4.3.3/avr5\libgcc.a(_exit.o)
 .text          0x00000000        0x0 c:/winavr-20100110/bin/../lib/gcc/avr/4.3.3/avr5\libgcc.a(_copy_data.o)
 .data          0x00000000        0x0 c:/winavr-20100110/bin/../lib/gcc/avr/4.3.3/avr5\libgcc.a(_copy_data.o)
 .bss           0x00000000        0x0 c:/winavr-20100110/bin/../lib/gcc/avr/4.3.3/avr5\libgcc.a(_copy_data.o)
 .text.libgcc   0x00000000        0x0 c:/winavr-20100110/bin/../lib/gcc/avr/4.3.3/avr5\libgcc.a(_copy_data.o)
 .text          0x00000000        0x0 c:/winavr-20100110/bin/../lib/gcc/avr/4.3.3/avr5\libgcc.a(_clear_bss.o)
 .data          0x00000000        0x0 c:/winavr-20100110/bin/../lib/gcc/avr/4.3.3/avr5\libgcc.a(_clear_bss.o)
 .bss           0x00000000        0x0 c:/winavr-20100110/bin/../lib/gcc/avr/4.3.3/avr5\libgcc.a(_clear_bss.o)
 .text.libgcc   0x00000000        0x0 c:/winavr-20100110/bin/../lib/gcc/avr/4.3.3/avr5\libgcc.a(_clear_bss.o)

Memory Configuration

Name             Origin             Length             Attributes
text             0x00000000         0x00020000         xr
data             0x00800060         0x0000ffa0         rw !x
eeprom           0x00810000         0x00010000         rw !x
fuse             0x00820000         0x00000400         rw !x
lock             0x00830000         0x00000400         rw !x
signature        0x00840000         0x00000400         rw !x
*default*        0x00000000         0xffffffff

Linker script and memory map

Address of section .data set to 0x800100
LOAD c:/winavr-20100110/bin/../lib/gcc/avr/4.3.3/../../../../avr/lib/avr5/crtm644.o
LOAD uzeboxVideoEngineCore.o
LOAD uzeboxCore.o
LOAD uzeboxSoundEngine.o
LOAD uzeboxSoundEngineCore.o
LOAD uzeboxVideoEngine.o
LOAD main.o
LOAD cpuasm.o
LOAD c:/winavr-20100110/bin/../lib/gcc/avr/4.3.3/avr5\libgcc.a
LOAD c:/winavr-20100110/bin/../lib/gcc/avr/4.3.3/../../../../avr/lib/avr5\libc.a
LOAD c:/winavr-20100110/bin/../lib/gcc/avr/4.3.3/avr5\libgcc.a

.hash
 *(.hash)

.dynsym
 *(.dynsym)

.dynstr
 *(.dynstr)

.gnu.version
 *(.gnu.version)

.gnu.version_d
 *(.gnu.version_d)

.gnu.version_r
 *(.gnu.version_r)

.rel.init
 *(.rel.init)

.rela.init
 *(.rela.init)

.rel.text
 *(.rel.text)
 *(.rel.text.*)
 *(.rel.gnu.linkonce.t*)

.rela.text
 *(.rela.text)
 *(.rela.text.*)
 *(.rela.gnu.linkonce.t*)

.rel.fini
 *(.rel.fini)

.rela.fini
 *(.rela.fini)

.rel.rodata
 *(.rel.rodata)
 *(.rel.rodata.*)
 *(.rel.gnu.linkonce.r*)

.rela.rodata
 *(.rela.rodata)
 *(.rela.rodata.*)
 *(.rela.gnu.linkonce.r*)

.rel.data
 *(.rel.data)
 *(.rel.data.*)
 *(.rel.gnu.linkonce.d*)

.rela.data
 *(.rela.data)
 *(.rela.data.*)
 *(.rela.gnu.linkonce.d*)

.rel.ctors
 *(.rel.ctors)

.rela.ctors
 *(.rela.ctors)

.rel.dtors
 *(.rel.dtors)

.rela.dtors
 *(.rela.dtors)

.rel.got
 *(.rel.got)

.rela.got
 *(.rela.got)

.rel.bss
 *(.rel.bss)

.rela.bss
 *(.rela.bss)

.rel.plt
 *(.rel.plt)

.rela.plt
 *(.rela.plt)

.text           0x00000000     0xe86c
 *(.vectors)
 .vectors       0x00000000       0x70 c:/winavr-20100110/bin/../lib/gcc/avr/4.3.3/../../../../avr/lib/avr5/crtm644.o
                0x00000000                __vectors
                0x00000000                __vector_default
 *(.vectors)
 *(.progmem.gcc*)
 *(.progmem*)
 .progmem.data  0x00000070       0x4e uzeboxCore.o
                0x00000070                eeprom_format_table
                0x00000090                io_table
 .progmem.data  0x000000be       0x1a uzeboxSoundEngine.o
                0x000000be                patchCommands
 .progmem.data  0x000000d8        0xc uzeboxVideoEngine.o
                0x000000d8                fader
 .progmem.data  0x000000e4     0x8906 main.o
                0x00006667                PCMTIMES
                0x000012d9                CrashTiles
                0x00001d5b                patch27
                0x00001d0c                patch22
                0x00001d6c                patch40
                0x00001a19                GetReadyPallet
                0x00001d1d                patch23
                0x000042b0                MagicWave
                0x0000883c                titlecharmap
                0x00008869                gameovercharmap
                0x00001a50                compfont
                0x00000ee4                BannerPallet
                0x000076e2                Song1
                0x00001cc7                patch07
                0x00001eae                DropWave
                0x00001a49                GridPallet
                0x0000664e                PCMSPEEDS
                0x0000885d                pausecharmap
                0x00001c44                patch00
                0x00001c58                patch01
                0x00001c12                charlist
                0x0000666d                patches
                0x00000da4                BannerTiles
                0x00001d4a                patch26
                0x00000fd9                MagicTiles
                0x00000fb5                MagicPallet
                0x00000f9d                GridTiles
                0x00001cf8                patch21
                0x000000e4                ColumnsTiles
                0x00002b8e                ScoreWave
                0x000087a9                DemoLfsr
                0x00001a39                CrashPallet
                0x00008806                CheatString
                0x0000572e                CrashWave
                0x00001ca2                patch05
                0x00001d1f                patch24
                0x00001319                ExplosionTiles
                0x00008887                CpuMoveTime
                0x00008833                menucharmap
                0x00006814                Song0
                0x00001c86                patch03
                0x00000eed                TitleMap
                0x00001c88                patch04
                0x00000f05                FieldMap
                0x0000881a                introcharmap
                0x00008856                readycharmap
                0x0000887c                CpuDropTime
                0x00001eae                SwapWave
                0x00001bd8                compfontspeckles
                0x00001e10                patch41
                0x00001d36                patch25
                0x00001cb6                patch06
                0x00001ce1                patch20
                0x00001c72                patch02
                0x00006662                PCMPRIORITY
                0x000087b3                DemoData
                0x000089ea                . = ALIGN (0x2)
                0x000089ea                __trampolines_start = .
 *(.trampolines)
 .trampolines   0x000089ea        0x0 linker stubs
 *(.trampolines*)
                0x000089ea                __trampolines_end = .
 *(.jumptables)
 *(.jumptables*)
 *(.lowtext)
 *(.lowtext*)
                0x000089ea                __ctors_start = .
 *(.ctors)
                0x000089ea                __ctors_end = .
                0x000089ea                __dtors_start = .
 *(.dtors)
                0x000089ea                __dtors_end = .
 SORT(*)(.ctors)
 SORT(*)(.dtors)
 *(.init0)
 .init0         0x000089ea        0x0 c:/winavr-20100110/bin/../lib/gcc/avr/4.3.3/../../../../avr/lib/avr5/crtm644.o
                0x000089ea                __init
 *(.init0)
 *(.init1)
 *(.init1)
 *(.init2)
 .init2         0x000089ea        0xc c:/winavr-20100110/bin/../lib/gcc/avr/4.3.3/../../../../avr/lib/avr5/crtm644.o
 *(.init2)
 *(.init3)
 .init3         0x000089f6       0x12 uzeboxCore.o
                0x000089f6                wdt_init
 *(.init3)
 *(.init4)
 .init4         0x00008a08       0x16 c:/winavr-20100110/bin/../lib/gcc/avr/4.3.3/avr5\libgcc.a(_copy_data.o)
                0x00008a08                __do_copy_data
 .init4         0x00008a1e       0x10 c:/winavr-20100110/bin/../lib/gcc/avr/4.3.3/avr5\libgcc.a(_clear_bss.o)
                0x00008a1e                __do_clear_bss
 *(.init4)
 *(.init5)
 *(.init5)
 *(.init6)
 *(.init6)
 *(.init7)
 *(.init7)
 *(.init8)
 .init8         0x00008a2e       0x84 uzeboxCore.o
                0x00008a2e                Initialize
 *(.init8)
 *(.init9)
 .init9         0x00008ab2        0x8 c:/winavr-20100110/bin/../lib/gcc/avr/4.3.3/../../../../avr/lib/avr5/crtm644.o
 *(.init9)
 *(.text)
 .text          0x00008aba        0x4 c:/winavr-20100110/bin/../lib/gcc/avr/4.3.3/../../../../avr/lib/avr5/crtm644.o
                0x00008aba                __vector_22
                0x00008aba                __vector_1
                0x00008aba                __vector_24
                0x00008aba                __vector_12
                0x00008aba                __bad_interrupt
                0x00008aba                __vector_6
                0x00008aba                __vector_3
                0x00008aba                __vector_23
                0x00008aba                __vector_25
                0x00008aba                __vector_11
                0x00008aba                __vector_17
                0x00008aba                __vector_19
                0x00008aba                __vector_7
                0x00008aba                __vector_27
                0x00008aba                __vector_5
                0x00008aba                __vector_4
                0x00008aba                __vector_9
                0x00008aba                __vector_2
                0x00008aba                __vector_21
                0x00008aba                __vector_15
                0x00008aba                __vector_8
                0x00008aba                __vector_26
                0x00008aba                __vector_10
                0x00008aba                __vector_16
                0x00008aba                __vector_18
                0x00008aba                __vector_20
 .text          0x00008abe      0x456 uzeboxVideoEngineCore.o
                0x00008d44                __vector_13
                0x00008c22                CopyTileToRam
                0x00008dbe                __vector_14
 .text          0x00008f14      0x20c uzeboxSoundEngineCore.o
                0x00008f14                process_music
                0x0000910a                SetMixerVolume
                0x00008f1e                update_sound
                0x000090c0                SetMixerNoiseParams
                0x000090d0                SetMixerWave
                0x00009092                SetMixerNote
 .text          0x00009120      0x202 cpuasm.o
                0x00009120                CpuBufferWellAsm
                0x00009322                . = ALIGN (0x2)
 *(.text.*)
 .text.SetTileTable
                0x00009322        0xa uzeboxVideoEngineCore.o
                0x00009322                SetTileTable
 .text.GetVsyncFlag
                0x0000932c        0x6 uzeboxVideoEngineCore.o
                0x0000932c                GetVsyncFlag
 .text.ClearVsyncFlag
                0x00009332        0x8 uzeboxVideoEngineCore.o
                0x00009332                ClearVsyncFlag
 .text.ReadJoypad
                0x0000933a       0x18 uzeboxVideoEngineCore.o
                0x0000933a                ReadJoypad
 .text.WriteEeprom
                0x00009352       0x14 uzeboxVideoEngineCore.o
                0x00009352                WriteEeprom
 .text.ReadEeprom
                0x00009366       0x12 uzeboxVideoEngineCore.o
                0x00009366                ReadEeprom
 .text.ReadButtons
                0x00009378       0x76 uzeboxCore.o
                0x00009378                ReadButtons
 .text.ReadControllers
                0x000093ee       0x1e uzeboxCore.o
                0x000093ee                ReadControllers
 .text.isEepromFormatted
                0x0000940c       0x28 uzeboxCore.o
                0x0000940c                isEepromFormatted
 .text.FormatEeprom
                0x00009434       0x40 uzeboxCore.o
                0x00009434                FormatEeprom
 .text.SetSongTempo
                0x00009474        0xa uzeboxSoundEngine.o
                0x00009474                SetSongTempo
 .text.PatchCommand00
                0x0000947e        0x6 uzeboxSoundEngine.o
                0x0000947e                PatchCommand00
 .text.PatchCommand01
                0x00009484       0x12 uzeboxSoundEngine.o
                0x00009484                PatchCommand01
 .text.PatchCommand05
                0x00009496        0xa uzeboxSoundEngine.o
                0x00009496                PatchCommand05
 .text.PatchCommand06
                0x000094a0        0xa uzeboxSoundEngine.o
                0x000094a0                PatchCommand06
 .text.PatchCommand07
                0x000094aa        0x6 uzeboxSoundEngine.o
                0x000094aa                PatchCommand07
 .text.PatchCommand09
                0x000094b0        0x6 uzeboxSoundEngine.o
                0x000094b0                PatchCommand09
 .text.PatchCommand10
                0x000094b6        0x6 uzeboxSoundEngine.o
                0x000094b6                PatchCommand10
 .text.PatchCommand11
                0x000094bc       0x88 uzeboxSoundEngine.o
                0x000094bc                PatchCommand11
 .text.PatchCommand12
                0x00009544        0x6 uzeboxSoundEngine.o
                0x00009544                PatchCommand12
 .text.InitMusicPlayer
                0x0000954a       0x36 uzeboxSoundEngine.o
                0x0000954a                InitMusicPlayer
 .text.StartSong
                0x00009580       0x56 uzeboxSoundEngine.o
                0x00009580                StartSong
 .text.ResumeSong
                0x000095d6        0x8 uzeboxSoundEngine.o
                0x000095d6                ResumeSong
 .text.ReadVarLen
                0x000095de       0x48 uzeboxSoundEngine.o
                0x000095de                ReadVarLen
 .text.SetMasterVolume
                0x00009626        0x6 uzeboxSoundEngine.o
                0x00009626                SetMasterVolume
 .text.PatchCommand08
                0x0000962c       0x1c uzeboxSoundEngine.o
                0x0000962c                PatchCommand08
 .text.PatchCommand04
                0x00009648        0xc uzeboxSoundEngine.o
                0x00009648                PatchCommand04
 .text.PatchCommand03
                0x00009654        0xe uzeboxSoundEngine.o
                0x00009654                PatchCommand03
 .text.TriggerCommon
                0x00009662      0x10e uzeboxSoundEngine.o
                0x00009662                TriggerCommon
 .text.TriggerNote
                0x00009770       0x74 uzeboxSoundEngine.o
                0x00009770                TriggerNote
 .text.ProcessMusic
                0x000097e4      0x4d0 uzeboxSoundEngine.o
                0x000097e4                ProcessMusic
 .text.TriggerFx
                0x00009cb4       0x8e uzeboxSoundEngine.o
                0x00009cb4                TriggerFx
 .text.PatchCommand02
                0x00009d42        0x6 uzeboxSoundEngine.o
                0x00009d42                PatchCommand02
 *fill*         0x00009d48       0xb8 00
 .text.DisableSoundEngine
                0x00009e00      0x700 uzeboxSoundEngineCore.o
                0x00009e08                steptable
                0x00009e00                DisableSoundEngine
                0x0000a000                waves
 .text.DisplayLogo
                0x0000a500        0x2 uzeboxVideoEngine.o
                0x0000a500                DisplayLogo
 .text.InitializeVideoMode
                0x0000a502        0x2 uzeboxVideoEngine.o
                0x0000a502                InitializeVideoMode
 .text.FadeIn   0x0000a504       0x30 uzeboxVideoEngine.o
                0x0000a504                FadeIn
 .text.FadeOut  0x0000a534       0x32 uzeboxVideoEngine.o
                0x0000a534                FadeOut
 .text.ProcessFading
                0x0000a566       0x48 uzeboxVideoEngine.o
                0x0000a566                ProcessFading
 .text.VideoModeVsync
                0x0000a5ae        0x4 uzeboxVideoEngine.o
                0x0000a5ae                VideoModeVsync
 .text.WaitVsync
                0x0000a5b2       0x2e uzeboxVideoEngine.o
                0x0000a5b2                WaitVsync
 .text.rtl_FindChar
                0x0000a5e0       0x2c main.o
                0x0000a5e0                rtl_FindChar
 .text.rtl_RamifyFontEx
                0x0000a60c      0x114 main.o
                0x0000a60c                rtl_RamifyFontEx
 .text.rtl_PrintEx
                0x0000a720       0x56 main.o
                0x0000a720                rtl_PrintEx
 .text.rtl_Print
                0x0000a776       0x1a main.o
                0x0000a776                rtl_Print
 .text.add_piece
                0x0000a790       0x7c main.o
                0x0000a790                add_piece
 .text.blank_piece
                0x0000a80c       0x52 main.o
                0x0000a80c                blank_piece
 .text.open_for_piece
                0x0000a85e       0x5c main.o
                0x0000a85e                open_for_piece
 .text.prng     0x0000a8ba       0x56 main.o
                0x0000a8ba                prng
 .text.shuffle_prng
                0x0000a910       0x22 main.o
                0x0000a910                shuffle_prng
 .text.ColumnsPrint2num
                0x0000a932       0x52 main.o
                0x0000a932                ColumnsPrint2num
 .text.ColumnsPrint3num
                0x0000a984       0x66 main.o
                0x0000a984                ColumnsPrint3num
 .text.ColumnsDrawMap
                0x0000a9ea       0xa4 main.o
                0x0000a9ea                ColumnsDrawMap
 .text.ColumnsDrawMenu
                0x0000aa8e      0x112 main.o
                0x0000aa8e                ColumnsDrawMenu
 .text.CpuFillPad
                0x0000aba0       0xd4 main.o
                0x0000aba0                CpuFillPad
 .text.CpuShouldCrash
                0x0000ac74       0x62 main.o
                0x0000ac74                CpuShouldCrash
 .text.DrawTitleBG
                0x0000acd6       0x72 main.o
                0x0000acd6                DrawTitleBG
 .text.DrawTitleBGFont
                0x0000ad48        0xc main.o
                0x0000ad48                DrawTitleBGFont
 .text.DrawJewel
                0x0000ad54       0x36 main.o
                0x0000ad54                DrawJewel
 .text.SetScoringSimilar
                0x0000ad8a       0x4a main.o
                0x0000ad8a                SetScoringSimilar
 .text.CheckLoss
                0x0000add4       0x40 main.o
                0x0000add4                CheckLoss
 .text.FlashingJewelInWell
                0x0000ae14       0x36 main.o
                0x0000ae14                FlashingJewelInWell
 .text.EliminateFlashingJewel
                0x0000ae4a       0x32 main.o
                0x0000ae4a                EliminateFlashingJewel
 .text.GeneratePreview
                0x0000ae7c      0x162 main.o
                0x0000ae7c                GeneratePreview
 .text.RamTileStateMachine
                0x0000afde      0x336 main.o
                0x0000afde                RamTileStateMachine
 .text.DoUzenetMenu
                0x0000b314       0x2c main.o
                0x0000b314                DoUzenetMenu
 .text.SetInitialState
                0x0000b340      0x208 main.o
                0x0000b340                SetInitialState
 .text.SetLosing
                0x0000b548       0x86 main.o
                0x0000b548                SetLosing
 .text.UpdatePads
                0x0000b5ce       0xdc main.o
                0x0000b5ce                UpdatePads
 .text.DoTitle  0x0000b6aa      0x3b8 main.o
                0x0000b6aa                DoTitle
 .text.TriggerPCM
                0x0000ba62       0x4e main.o
                0x0000ba62                TriggerPCM
 .text.CrashBarDown
                0x0000bab0       0xbe main.o
                0x0000bab0                CrashBarDown
 .text.CrashBarUp
                0x0000bb6e      0x13c main.o
                0x0000bb6e                CrashBarUp
 .text.SummonCurse
                0x0000bcaa       0x54 main.o
                0x0000bcaa                SummonCurse
 .text.SummonMagicJewel
                0x0000bcfe       0x46 main.o
                0x0000bcfe                SummonMagicJewel
 .text.CheckScore
                0x0000bd44      0x2b4 main.o
                0x0000bd44                CheckScore
 .text.DoPlay   0x0000bff8     0x2688 main.o
                0x0000bff8                DoPlay
 .text.main     0x0000e680       0x92 main.o
                0x0000e680                main
 .text.libgcc   0x0000e712       0x3e c:/winavr-20100110/bin/../lib/gcc/avr/4.3.3/avr5\libgcc.a(_mulsi3.o)
                0x0000e712                __mulsi3
 .text.libgcc   0x0000e750       0x18 c:/winavr-20100110/bin/../lib/gcc/avr/4.3.3/avr5\libgcc.a(_udivmodqi4.o)
                0x0000e750                __udivmodqi4
 .text.libgcc   0x0000e768       0x28 c:/winavr-20100110/bin/../lib/gcc/avr/4.3.3/avr5\libgcc.a(_udivmodhi4.o)
                0x0000e768                __udivmodhi4
 .text.libgcc   0x0000e790       0x26 c:/winavr-20100110/bin/../lib/gcc/avr/4.3.3/avr5\libgcc.a(_divmodhi4.o)
                0x0000e790                __divmodhi4
                0x0000e790                _div
 .text.libgcc   0x0000e7b6       0x44 c:/winavr-20100110/bin/../lib/gcc/avr/4.3.3/avr5\libgcc.a(_udivmodsi4.o)
                0x0000e7b6                __udivmodsi4
 .text.libgcc   0x0000e7fa       0x38 c:/winavr-20100110/bin/../lib/gcc/avr/4.3.3/avr5\libgcc.a(_prologue.o)
                0x0000e7fa                __prologue_saves__
 .text.libgcc   0x0000e832       0x36 c:/winavr-20100110/bin/../lib/gcc/avr/4.3.3/avr5\libgcc.a(_epilogue.o)
                0x0000e832                __epilogue_restores__
                0x0000e868                . = ALIGN (0x2)
 *(.fini9)
 .fini9         0x0000e868        0x0 c:/winavr-20100110/bin/../lib/gcc/avr/4.3.3/avr5\libgcc.a(_exit.o)
                0x0000e868                exit
                0x0000e868                _exit
 *(.fini9)
 *(.fini8)
 *(.fini8)
 *(.fini7)
 *(.fini7)
 *(.fini6)
 *(.fini6)
 *(.fini5)
 *(.fini5)
 *(.fini4)
 *(.fini4)
 *(.fini3)
 *(.fini3)
 *(.fini2)
 *(.fini2)
 *(.fini1)
 *(.fini1)
 *(.fini0)
 .fini0         0x0000e868        0x4 c:/winavr-20100110/bin/../lib/gcc/avr/4.3.3/avr5\libgcc.a(_exit.o)
 *(.fini0)
                0x0000e86c                _etext = .

.data           0x00800100        0x2 load address 0x0000e86c
                0x00800100                PROVIDE (__data_start, .)
 *(.data)
 *(.data*)
 .data.musictrack
                0x00800100        0x1 main.o
                0x00800100                musictrack
 .data.globalflashcounter
                0x00800101        0x1 main.o
                0x00800101                globalflashcounter
 *(.rodata)
 *(.rodata*)
 *(.gnu.linkonce.d*)
                0x00800102                . = ALIGN (0x2)
                0x00800102                _edata = .
                0x00800102                PROVIDE (__data_end, .)

.bss            0x00800120      0xed6
                0x00800120                PROVIDE (__bss_start, .)
 *(.bss)
 .bss           0x00800120      0xc00 uzeboxVideoEngineCore.o
                0x00800cee                sync_phase
                0x00800cff                joypad2_status_hi
                0x00800cf6                render_lines_count
                0x00800cf0                vsync_flag
                0x00800cfb                joypad1_status_hi
                0x00800cf8                render_lines_count_tmp
                0x00800cef                sync_pulse
                0x0080042c                ram_tiles
                0x00800cf5                first_render_line
                0x00800cf7                first_render_line_tmp
                0x00800cf9                joypad1_status_lo
                0x00800120                vram
                0x00800cfd                joypad2_status_lo
 .bss           0x00800d20       0x23 uzeboxSoundEngineCore.o
                0x00800d36                tr4_barrel_hi
                0x00800d35                tr4_barrel_lo
                0x00800d21                mixer
                0x00800d34                tr4_params
                0x00800d20                sound_enabled
 *fill*         0x00800d43        0x1 00
 .bss           0x00800d44       0x60 cpuasm.o
                0x00800d44                cpubuffer
 *(.bss*)
 .bss.playSong  0x00800da4        0x1 uzeboxSoundEngine.o
                0x00800da4                playSong
 *(COMMON)
 COMMON         0x00800da5        0x1 uzeboxCore.o
                0x00800da5                joypadsConnectionStatus
 COMMON         0x00800da6       0x80 uzeboxSoundEngine.o
                0x00800da6                songStart
                0x00800da8                tracks
                0x00800e16                currDeltaTime
                0x00800e18                patchPointers
                0x00800e1a                lastStatus
                0x00800e1b                absoluteTime
                0x00800e1d                songTempo
                0x00800e1f                masterVolume
                0x00800e20                nextDeltaTime
                0x00800e22                songPos
                0x00800e24                loopStart
 COMMON         0x00800e26        0x6 uzeboxVideoEngine.o
                0x00800e26                fadeSpeed
                0x00800e27                fadeDir
                0x00800e28                free_tile_index
                0x00800e29                fadeActive
                0x00800e2a                currFadeFrame
                0x00800e2b                fadeStep
 COMMON         0x00800e2c      0x1ca main.o
                0x00800e2c                cpuhighestcolumn
                0x00800e2d                cpudecision
                0x00800e2f                magicjewelsonscreen
                0x00800e30                magiccolorwait
                0x00800e31                crashedyvel
                0x00800e37                cpuskill
                0x00800e38                vsyncs
                0x00800e39                totalvsyncs
                0x00800e3b                cpumovepos
                0x00800e3d                magiccolor
                0x00800e3e                oldpadstate
                0x00800e42                padstate
                0x00800e46                droptimer
                0x00800e48                crashedpiecex
                0x00800e54                cursetype
                0x00800e56                demo_num
                0x00800e57                cpuheightmultiplier
                0x00800e58                demo_off
                0x00800e5a                magicjewelssummoned
                0x00800e5c                cpuflashingjeweloffset
                0x00800e5d                tickssincetempochange
                0x00800e5e                rtl_FontStartOffset
                0x00800e5f                stateframe
                0x00800e61                cpumovenum
                0x00800e63                cursetime
                0x00800e67                pcm_priority
                0x00800e68                game_mode
                0x00800e69                debug
                0x00800e6a                game_state
                0x00800e6b                cpustate
                0x00800e6c                cpulastchangeddir
                0x00800e6d                piecey
                0x00800e6f                state
                0x00800e71                cpumovewait
                0x00800e72                well
                0x00800f32                preview
                0x00800f38                score
                0x00800f3a                cpuevalmultiplier
                0x00800f3b                cpulastchain
                0x00800f3c                cpulasteval
                0x00800f40                crashcomingup
                0x00800f42                musicspeed
                0x00800f43                piece
                0x00800f49                winner
                0x00800f4a                cpulastbufferoff
                0x00800f4b                level
                0x00800f4c                demo_inp_wait
                0x00800f4d                cursorpos
                0x00800f4e                oldsongPos
                0x00800f50                statetimer
                0x00800f52                pcm_timeleft
                0x00800f53                sideheld
                0x00800f55                crashedredrawtime
                0x00800f56                cpubestoff
                0x00800f57                crashedtype
                0x00800f5d                wellfullness
                0x00800f61                lfsr
                0x00800f67                flashcount
                0x00800f68                piecerot
                0x00800f6a                jewels
                0x00800f6e                chain
                0x00800f70                piecex
                0x00800f72                flashingjeweltimer
                0x00800f74                wasmagicjewel
                0x00800f76                cpulastscore
                0x00800f7a                demo_decision
                0x00800f7b                halfstep
                0x00800f7d                cpuhighestcolumnmag
                0x00800f7e                crashheight
                0x00800f80                cpusecondmovemultiplier
                0x00800f81                crashedpiecey
                0x00800f8d                countsss
                0x00800f8f                crashcomingdown
                0x00800f91                cpubasemultiplier
                0x00800f92                rtl_CharMap
                0x00800f94                ramtilestate
                0x00800f96                cpueval
                0x00800fde                cpubaseval
                0x00800fe2                cpuscoretocome
                0x00800fe3                cpubestscore
                0x00800fe9                crashedxvel
                0x00800fef                demotime
                0x00800ff1                cpuscoremultiplier
                0x00800ff2                cputotal
                0x00800ff6                PROVIDE (__bss_end, .)
                0x0000e86c                __data_load_start = LOADADDR (.data)
                0x0000e86e                __data_load_end = (__data_load_start + SIZEOF (.data))

.noinit         0x00800ff6        0x0
                0x00800ff6                PROVIDE (__noinit_start, .)
 *(.noinit*)
                0x00800ff6                PROVIDE (__noinit_end, .)
                0x00800ff6                _end = .
                0x00800ff6                PROVIDE (__heap_start, .)

.eeprom         0x00810000        0x0
 *(.eeprom*)
                0x00810000                __eeprom_end = .

.fuse
 *(.fuse)
 *(.lfuse)
 *(.hfuse)
 *(.efuse)

.lock
 *(.lock*)

.signature
 *(.signature*)

.stab
 *(.stab)

.stabstr
 *(.stabstr)

.stab.excl
 *(.stab.excl)

.stab.exclstr
 *(.stab.exclstr)

.stab.index
 *(.stab.index)

.stab.indexstr
 *(.stab.indexstr)

.comment
 *(.comment)

.debug
 *(.debug)

.line
 *(.line)

.debug_srcinfo
 *(.debug_srcinfo)

.debug_sfnames
 *(.debug_sfnames)

.debug_aranges  0x00000000      0x558
 *(.debug_aranges)
 .debug_aranges
                0x00000000       0x80 uzeboxVideoEngineCore.o
 .debug_aranges
                0x00000080       0x80 uzeboxCore.o
 .debug_aranges
                0x00000100       0xf0 uzeboxSoundEngine.o
 .debug_aranges
                0x000001f0       0x30 uzeboxSoundEngineCore.o
 .debug_aranges
                0x00000220       0xc8 uzeboxVideoEngine.o
 .debug_aranges
                0x000002e8      0x250 main.o
 .debug_aranges
                0x00000538       0x20 cpuasm.o

.debug_pubnames
                0x00000000     0x130c
 *(.debug_pubnames)
 .debug_pubnames
                0x00000000      0x148 uzeboxCore.o
 .debug_pubnames
                0x00000148      0x2b8 uzeboxSoundEngine.o
 .debug_pubnames
                0x00000400      0x1c6 uzeboxVideoEngine.o
 .debug_pubnames
                0x000005c6      0xd46 main.o

.debug_info     0x00000000     0x736f
 *(.debug_info)
 .debug_info    0x00000000       0x77 uzeboxVideoEngineCore.o
 .debug_info    0x00000077      0x76f uzeboxCore.o
 .debug_info    0x000007e6     0x10a3 uzeboxSoundEngine.o
 .debug_info    0x00001889       0x6e uzeboxSoundEngineCore.o
 .debug_info    0x000018f7      0x935 uzeboxVideoEngine.o
 .debug_info    0x0000222c     0x50e2 main.o
 .debug_info    0x0000730e       0x61 cpuasm.o
 *(.gnu.linkonce.wi.*)

.debug_abbrev   0x00000000      0xc3b
 *(.debug_abbrev)
 .debug_abbrev  0x00000000       0x12 uzeboxVideoEngineCore.o
 .debug_abbrev  0x00000012      0x271 uzeboxCore.o
 .debug_abbrev  0x00000283      0x276 uzeboxSoundEngine.o
 .debug_abbrev  0x000004f9       0x12 uzeboxSoundEngineCore.o
 .debug_abbrev  0x0000050b      0x212 uzeboxVideoEngine.o
 .debug_abbrev  0x0000071d      0x50a main.o
 .debug_abbrev  0x00000c27       0x14 cpuasm.o

.debug_line     0x00000000     0x54b7
 *(.debug_line)
 .debug_line    0x00000000      0x31c uzeboxVideoEngineCore.o
 .debug_line    0x0000031c      0x4df uzeboxCore.o
 .debug_line    0x000007fb      0x976 uzeboxSoundEngine.o
 .debug_line    0x00001171      0x16b uzeboxSoundEngineCore.o
 .debug_line    0x000012dc      0x6cb uzeboxVideoEngine.o
 .debug_line    0x000019a7     0x3ac7 main.o
 .debug_line    0x0000546e       0x49 cpuasm.o

.debug_frame    0x00000000      0x890
 *(.debug_frame)
 .debug_frame   0x00000000       0xe0 uzeboxCore.o
 .debug_frame   0x000000e0      0x1c0 uzeboxSoundEngine.o
 .debug_frame   0x000002a0      0x170 uzeboxVideoEngine.o
 .debug_frame   0x00000410      0x480 main.o

.debug_str      0x00000000     0x165c
 *(.debug_str)
 .debug_str     0x00000000      0x3f9 uzeboxCore.o
                                0x449 (size before relaxing)
 .debug_str     0x000003f9      0x3da uzeboxSoundEngine.o
                                0x5b7 (size before relaxing)
 .debug_str     0x000007d3      0x17a uzeboxVideoEngine.o
                                0x293 (size before relaxing)
 .debug_str     0x0000094d      0xd0f main.o
                                0xed7 (size before relaxing)

.debug_loc      0x00000000     0x4f95
 *(.debug_loc)
 .debug_loc     0x00000000      0x347 uzeboxCore.o
 .debug_loc     0x00000347      0xab2 uzeboxSoundEngine.o
 .debug_loc     0x00000df9      0x825 uzeboxVideoEngine.o
 .debug_loc     0x0000161e     0x3977 main.o

.debug_macinfo
 *(.debug_macinfo)
OUTPUT(columns.elf elf32-avr)
LOAD linker stubs

.debug_ranges   0x00000000      0xb80
 .debug_ranges  0x00000000       0x78 uzeboxVideoEngineCore.o
 .debug_ranges  0x00000078       0x78 uzeboxCore.o
 .debug_ranges  0x000000f0      0x100 uzeboxSoundEngine.o
 .debug_ranges  0x000001f0       0x28 uzeboxSoundEngineCore.o
 .debug_ranges  0x00000218       0xf0 uzeboxVideoEngine.o
 .debug_ranges  0x00000308      0x878 main.o
