Archive member included because of file (symbol)

c:/winavr/bin/../lib/gcc/avr/4.3.3/avr5\libgcc.a(_udivmodqi4.o)
                              uzeboxVideoEngine.o (__udivmodqi4)
c:/winavr/bin/../lib/gcc/avr/4.3.3/avr5\libgcc.a(_udivmodhi4.o)
                              uzeboxVideoEngine.o (__udivmodhi4)
c:/winavr/bin/../lib/gcc/avr/4.3.3/avr5\libgcc.a(_divmodhi4.o)
                              uzeboxSoundEngine.o (__divmodhi4)
c:/winavr/bin/../lib/gcc/avr/4.3.3/avr5\libgcc.a(_udivmodsi4.o)
                              uzeboxVideoEngine.o (__udivmodsi4)
c:/winavr/bin/../lib/gcc/avr/4.3.3/avr5\libgcc.a(_prologue.o)
                              uzeboxCore.o (__prologue_saves__)
c:/winavr/bin/../lib/gcc/avr/4.3.3/avr5\libgcc.a(_epilogue.o)
                              uzeboxCore.o (__epilogue_restores__)
c:/winavr/bin/../lib/gcc/avr/4.3.3/avr5\libgcc.a(_exit.o)
                              c:/winavr/bin/../lib/gcc/avr/4.3.3/../../../../avr/lib/avr5/crtm644.o (exit)
c:/winavr/bin/../lib/gcc/avr/4.3.3/avr5\libgcc.a(_copy_data.o)
                              uzeboxVideoEngine.o (__do_copy_data)
c:/winavr/bin/../lib/gcc/avr/4.3.3/avr5\libgcc.a(_clear_bss.o)
                              uzeboxCore.o (__do_clear_bss)

Allocating common symbols
Common symbol       size              file

songStart           0x2               uzeboxSoundEngine.o
p                   0xc8              main.o
tracks              0x73              uzeboxSoundEngine.o
fadeSpeed           0x1               uzeboxVideoEngine.o
currDeltaTime       0x2               uzeboxSoundEngine.o
fadeDir             0x1               uzeboxVideoEngine.o
patchPointers       0x2               uzeboxSoundEngine.o
lastStatus          0x1               uzeboxSoundEngine.o
joypadsConnectionStatus
                    0x1               uzeboxCore.o
oldPadState         0x2               main.o
free_tile_index     0x1               uzeboxVideoEngine.o
fadeActive          0x1               uzeboxVideoEngine.o
masterVolume        0x1               uzeboxSoundEngine.o
nextDeltaTime       0x2               uzeboxSoundEngine.o
songSpeed           0x1               uzeboxSoundEngine.o
songPos             0x2               uzeboxSoundEngine.o
loopStart           0x2               uzeboxSoundEngine.o
sprite_count        0x1               main.o
step                0x1               uzeboxSoundEngine.o
currFadeFrame       0x1               uzeboxVideoEngine.o
padState            0x2               main.o
fadeStep            0x1               uzeboxVideoEngine.o

Discarded input sections

 .data          0x00000000        0x0 c:/winavr/bin/../lib/gcc/avr/4.3.3/../../../../avr/lib/avr5/crtm644.o
 .bss           0x00000000        0x0 c:/winavr/bin/../lib/gcc/avr/4.3.3/../../../../avr/lib/avr5/crtm644.o
 .data          0x00000000        0x0 uzeboxVideoEngineCore.o
 .text.SetSpritesTileTable
                0x00000000        0x0 uzeboxVideoEngineCore.o
 .text.ClearVram
                0x00000000        0x0 uzeboxVideoEngineCore.o
 .text.SetFont  0x00000000        0x0 uzeboxVideoEngineCore.o
 .text.SetFontTilesIndex
                0x00000000        0x0 uzeboxVideoEngineCore.o
 .text.GetTile  0x00000000        0x0 uzeboxVideoEngineCore.o
 .text.GetVsyncCounter
                0x00000000        0x0 uzeboxVideoEngineCore.o
 .text.ClearVsyncCounter
                0x00000000        0x0 uzeboxVideoEngineCore.o
 .text.WaitUs   0x00000000        0x0 uzeboxVideoEngineCore.o
 .text.SetUserPreVsyncCallback
                0x00000000        0x0 uzeboxVideoEngineCore.o
 .text.IsRunningInEmulator
                0x00000000        0x0 uzeboxVideoEngineCore.o
 .text.WaitClocks
                0x00000000        0x0 uzeboxVideoEngineCore.o
 .text.SetLedOn
                0x00000000        0x0 uzeboxVideoEngineCore.o
 .text.SetLedOff
                0x00000000        0x0 uzeboxVideoEngineCore.o
 .text.ToggleLed
                0x00000000        0x0 uzeboxVideoEngineCore.o
 .text.internal_spi_byte
                0x00000000        0x0 uzeboxVideoEngineCore.o
 .text          0x00000000        0x0 uzeboxCore.o
 .data          0x00000000        0x0 uzeboxCore.o
 .bss           0x00000000        0x0 uzeboxCore.o
 .text.SoftReset
                0x00000000        0x0 uzeboxCore.o
 .text.SetRenderingParameters
                0x00000000        0x0 uzeboxCore.o
 .text.FormatEeprom2
                0x00000000        0x0 uzeboxCore.o
 .text.IsPowerSwitchPressed
                0x00000000        0x0 uzeboxCore.o
 .text.EepromWriteBlock
                0x00000000        0x0 uzeboxCore.o
 .text.EepromReadBlock
                0x00000000        0x0 uzeboxCore.o
 .text.EepromBlockExists
                0x00000000        0x0 uzeboxCore.o
 .text          0x00000000        0x0 uzeboxSoundEngine.o
 .data          0x00000000        0x0 uzeboxSoundEngine.o
 .bss           0x00000000        0x0 uzeboxSoundEngine.o
 .text.StartSong
                0x00000000        0x0 uzeboxSoundEngine.o
 .text.StopSong
                0x00000000        0x0 uzeboxSoundEngine.o
 .text.ResumeSong
                0x00000000        0x0 uzeboxSoundEngine.o
 .text.SetSongSpeed
                0x00000000        0x0 uzeboxSoundEngine.o
 .text.GetSongSpeed
                0x00000000        0x0 uzeboxSoundEngine.o
 .text.GetMasterVolume
                0x00000000        0x0 uzeboxSoundEngine.o
 .data          0x00000000        0x0 uzeboxSoundEngineCore.o
 .text.SetMixerNoiseParams
                0x00000000        0x0 uzeboxSoundEngineCore.o
 .text.SetMixerVolume
                0x00000000        0x0 uzeboxSoundEngineCore.o
 .text.EnableSoundEngine
                0x00000000        0x0 uzeboxSoundEngineCore.o
 .text          0x00000000        0x0 uzeboxVideoEngine.o
 .data          0x00000000        0x0 uzeboxVideoEngine.o
 .bss           0x00000000        0x0 uzeboxVideoEngine.o
 .text.SetUserRamTilesCount
                0x00000000        0x0 uzeboxVideoEngine.o
 .text.GetUserRamTile
                0x00000000        0x0 uzeboxVideoEngine.o
 .text.SetSpriteVisibility
                0x00000000        0x0 uzeboxVideoEngine.o
 .text.MapSprite
                0x00000000        0x0 uzeboxVideoEngine.o
 .text.MapSprite2
                0x00000000        0x0 uzeboxVideoEngine.o
 .text.MoveSprite
                0x00000000        0x0 uzeboxVideoEngine.o
 .text.DrawMap  0x00000000        0x0 uzeboxVideoEngine.o
 .text.PrintLong
                0x00000000        0x0 uzeboxVideoEngine.o
 .text.PrintByte
                0x00000000        0x0 uzeboxVideoEngine.o
 .text.PrintInt
                0x00000000        0x0 uzeboxVideoEngine.o
 .text.PrintBinaryByte
                0x00000000        0x0 uzeboxVideoEngine.o
 .text.PrintHexByte
                0x00000000        0x0 uzeboxVideoEngine.o
 .text.PrintHexInt
                0x00000000        0x0 uzeboxVideoEngine.o
 .text.PrintHexLong
                0x00000000        0x0 uzeboxVideoEngine.o
 .text.Print    0x00000000        0x0 uzeboxVideoEngine.o
 .text.PrintRam
                0x00000000        0x0 uzeboxVideoEngine.o
 .text.PrintChar
                0x00000000        0x0 uzeboxVideoEngine.o
 .text.Fill     0x00000000        0x0 uzeboxVideoEngine.o
 .text.FontFill
                0x00000000        0x0 uzeboxVideoEngine.o
 .text.doFade   0x00000000        0x0 uzeboxVideoEngine.o
 .text          0x00000000        0x0 main.o
 .data          0x00000000        0x0 main.o
 .bss           0x00000000        0x0 main.o
 .text.FillVram
                0x00000000        0x0 main.o
 .text.AS_triggerFx
                0x00000000        0x0 main.o
 .text.ResetSprites
                0x00000000        0x0 main.o
 .text.SetSprite
                0x00000000        0x0 main.o
 .text.Intro    0x00000000        0x0 main.o
 .text.UzenetConnect
                0x00000000        0x0 main.o
 .text.PauseMenu
                0x00000000        0x0 main.o
 .text.ProcessGarbage
                0x00000000        0x0 main.o
 .text.ProcessGravity
                0x00000000        0x0 main.o
 .text.DrawWell
                0x00000000        0x0 main.o
 .text          0x00000000        0x0 c:/winavr/bin/../lib/gcc/avr/4.3.3/avr5\libgcc.a(_udivmodqi4.o)
 .data          0x00000000        0x0 c:/winavr/bin/../lib/gcc/avr/4.3.3/avr5\libgcc.a(_udivmodqi4.o)
 .bss           0x00000000        0x0 c:/winavr/bin/../lib/gcc/avr/4.3.3/avr5\libgcc.a(_udivmodqi4.o)
 .text          0x00000000        0x0 c:/winavr/bin/../lib/gcc/avr/4.3.3/avr5\libgcc.a(_udivmodhi4.o)
 .data          0x00000000        0x0 c:/winavr/bin/../lib/gcc/avr/4.3.3/avr5\libgcc.a(_udivmodhi4.o)
 .bss           0x00000000        0x0 c:/winavr/bin/../lib/gcc/avr/4.3.3/avr5\libgcc.a(_udivmodhi4.o)
 .text          0x00000000        0x0 c:/winavr/bin/../lib/gcc/avr/4.3.3/avr5\libgcc.a(_divmodhi4.o)
 .data          0x00000000        0x0 c:/winavr/bin/../lib/gcc/avr/4.3.3/avr5\libgcc.a(_divmodhi4.o)
 .bss           0x00000000        0x0 c:/winavr/bin/../lib/gcc/avr/4.3.3/avr5\libgcc.a(_divmodhi4.o)
 .text          0x00000000        0x0 c:/winavr/bin/../lib/gcc/avr/4.3.3/avr5\libgcc.a(_udivmodsi4.o)
 .data          0x00000000        0x0 c:/winavr/bin/../lib/gcc/avr/4.3.3/avr5\libgcc.a(_udivmodsi4.o)
 .bss           0x00000000        0x0 c:/winavr/bin/../lib/gcc/avr/4.3.3/avr5\libgcc.a(_udivmodsi4.o)
 .text.libgcc   0x00000000        0x0 c:/winavr/bin/../lib/gcc/avr/4.3.3/avr5\libgcc.a(_udivmodsi4.o)
 .text          0x00000000        0x0 c:/winavr/bin/../lib/gcc/avr/4.3.3/avr5\libgcc.a(_prologue.o)
 .data          0x00000000        0x0 c:/winavr/bin/../lib/gcc/avr/4.3.3/avr5\libgcc.a(_prologue.o)
 .bss           0x00000000        0x0 c:/winavr/bin/../lib/gcc/avr/4.3.3/avr5\libgcc.a(_prologue.o)
 .text          0x00000000        0x0 c:/winavr/bin/../lib/gcc/avr/4.3.3/avr5\libgcc.a(_epilogue.o)
 .data          0x00000000        0x0 c:/winavr/bin/../lib/gcc/avr/4.3.3/avr5\libgcc.a(_epilogue.o)
 .bss           0x00000000        0x0 c:/winavr/bin/../lib/gcc/avr/4.3.3/avr5\libgcc.a(_epilogue.o)
 .text          0x00000000        0x0 c:/winavr/bin/../lib/gcc/avr/4.3.3/avr5\libgcc.a(_exit.o)
 .data          0x00000000        0x0 c:/winavr/bin/../lib/gcc/avr/4.3.3/avr5\libgcc.a(_exit.o)
 .bss           0x00000000        0x0 c:/winavr/bin/../lib/gcc/avr/4.3.3/avr5\libgcc.a(_exit.o)
 .text.libgcc   0x00000000        0x0 c:/winavr/bin/../lib/gcc/avr/4.3.3/avr5\libgcc.a(_exit.o)
 .text          0x00000000        0x0 c:/winavr/bin/../lib/gcc/avr/4.3.3/avr5\libgcc.a(_copy_data.o)
 .data          0x00000000        0x0 c:/winavr/bin/../lib/gcc/avr/4.3.3/avr5\libgcc.a(_copy_data.o)
 .bss           0x00000000        0x0 c:/winavr/bin/../lib/gcc/avr/4.3.3/avr5\libgcc.a(_copy_data.o)
 .text.libgcc   0x00000000        0x0 c:/winavr/bin/../lib/gcc/avr/4.3.3/avr5\libgcc.a(_copy_data.o)
 .text          0x00000000        0x0 c:/winavr/bin/../lib/gcc/avr/4.3.3/avr5\libgcc.a(_clear_bss.o)
 .data          0x00000000        0x0 c:/winavr/bin/../lib/gcc/avr/4.3.3/avr5\libgcc.a(_clear_bss.o)
 .bss           0x00000000        0x0 c:/winavr/bin/../lib/gcc/avr/4.3.3/avr5\libgcc.a(_clear_bss.o)
 .text.libgcc   0x00000000        0x0 c:/winavr/bin/../lib/gcc/avr/4.3.3/avr5\libgcc.a(_clear_bss.o)

Memory Configuration

Name             Origin             Length             Attributes
text             0x00000000         0x00020000         xr
data             0x00800060         0x0000ffa0         rw !x
eeprom           0x00810000         0x00010000         rw !x
fuse             0x00820000         0x00000400         rw !x
lock             0x00830000         0x00000400         rw !x
signature        0x00840000         0x00000400         rw !x
*default*        0x00000000         0xffffffff

Linker script and memory map

Address of section .data set to 0x800100
LOAD c:/winavr/bin/../lib/gcc/avr/4.3.3/../../../../avr/lib/avr5/crtm644.o
LOAD uzeboxVideoEngineCore.o
LOAD uzeboxCore.o
LOAD uzeboxSoundEngine.o
LOAD uzeboxSoundEngineCore.o
LOAD uzeboxVideoEngine.o
LOAD main.o
LOAD c:/winavr/bin/../lib/gcc/avr/4.3.3/avr5\libgcc.a
LOAD c:/winavr/bin/../lib/gcc/avr/4.3.3/../../../../avr/lib/avr5\libc.a
LOAD c:/winavr/bin/../lib/gcc/avr/4.3.3/avr5\libgcc.a

.hash
 *(.hash)

.dynsym
 *(.dynsym)

.dynstr
 *(.dynstr)

.gnu.version
 *(.gnu.version)

.gnu.version_d
 *(.gnu.version_d)

.gnu.version_r
 *(.gnu.version_r)

.rel.init
 *(.rel.init)

.rela.init
 *(.rela.init)

.rel.text
 *(.rel.text)
 *(.rel.text.*)
 *(.rel.gnu.linkonce.t*)

.rela.text
 *(.rela.text)
 *(.rela.text.*)
 *(.rela.gnu.linkonce.t*)

.rel.fini
 *(.rel.fini)

.rela.fini
 *(.rela.fini)

.rel.rodata
 *(.rel.rodata)
 *(.rel.rodata.*)
 *(.rel.gnu.linkonce.r*)

.rela.rodata
 *(.rela.rodata)
 *(.rela.rodata.*)
 *(.rela.gnu.linkonce.r*)

.rel.data
 *(.rel.data)
 *(.rel.data.*)
 *(.rel.gnu.linkonce.d*)

.rela.data
 *(.rela.data)
 *(.rela.data.*)
 *(.rela.gnu.linkonce.d*)

.rel.ctors
 *(.rel.ctors)

.rela.ctors
 *(.rela.ctors)

.rel.dtors
 *(.rel.dtors)

.rela.dtors
 *(.rela.dtors)

.rel.got
 *(.rel.got)

.rela.got
 *(.rela.got)

.rel.bss
 *(.rel.bss)

.rela.bss
 *(.rela.bss)

.rel.plt
 *(.rel.plt)

.rela.plt
 *(.rela.plt)

.text           0x00000000     0x90c0
 *(.vectors)
 .vectors       0x00000000       0x70 c:/winavr/bin/../lib/gcc/avr/4.3.3/../../../../avr/lib/avr5/crtm644.o
                0x00000000                __vectors
                0x00000000                __vector_default
 *(.vectors)
 *(.progmem.gcc*)
 *(.progmem*)
 .progmem.data  0x00000070       0x4e uzeboxCore.o
                0x00000070                eeprom_format_table
                0x00000090                io_table
 .progmem.data  0x000000be       0x1e uzeboxSoundEngine.o
                0x000000be                patchCommands
 .progmem.data  0x000000dc        0xc uzeboxVideoEngine.o
                0x000000dc                fader
 .progmem.data  0x000000e8     0x6671 main.o
                0x00005696                Song2
                0x00004568                big_font_maps
                0x000047d0                patch27
                0x00004784                patch22
                0x00004786                patch23
                0x000065d9                uzebox_string
                0x0000471d                patch14
                0x000046f2                patch12
                0x00004767                patch18
                0x00004a2c                Song1
                0x0000469d                patch07
                0x000065e0                title_block_coords
                0x00004608                patch00
                0x00004628                patch01
                0x00004759                patch17
                0x00004812                patch30
                0x000048d6                patches
                0x00004706                patch13
                0x000047b6                patch26
                0x000046f0                patch11
                0x00004782                patch21
                0x000029a8                font_sprites
                0x000064c4                levelclear_song
                0x000000e8                rom_tiles
                0x0000484e                patch33
                0x000048ab                patch36
                0x00004734                patch15
                0x00004829                patch31
                0x00004871                patch34
                0x0000466f                patch05
                0x00004788                patch24
                0x000047fb                patch29
                0x000046d0                patch10
                0x00004659                patch03
                0x000046bf                patch09
                0x0000465b                patch04
                0x0000473f                patch16
                0x0000482b                patch32
                0x0000469f                patch08
                0x0000479f                patch25
                0x00004686                patch06
                0x00004780                patch20
                0x00006662                round_text_rt_map
                0x00004639                patch02
                0x000048bf                patch37
                0x0000477e                patch19
                0x00004894                patch35
                0x000047e4                patch28
                0x0000675a                . = ALIGN (0x2)
 *fill*         0x00006759        0x1 00
                0x0000675a                __trampolines_start = .
 *(.trampolines)
 .trampolines   0x0000675a        0x0 linker stubs
 *(.trampolines*)
                0x0000675a                __trampolines_end = .
 *(.jumptables)
 *(.jumptables*)
 *(.lowtext)
 *(.lowtext*)
                0x0000675a                __ctors_start = .
 *(.ctors)
                0x0000675a                __ctors_end = .
                0x0000675a                __dtors_start = .
 *(.dtors)
                0x0000675a                __dtors_end = .
 SORT(*)(.ctors)
 SORT(*)(.dtors)
 *(.init0)
 .init0         0x0000675a        0x0 c:/winavr/bin/../lib/gcc/avr/4.3.3/../../../../avr/lib/avr5/crtm644.o
                0x0000675a                __init
 *(.init0)
 *(.init1)
 *(.init1)
 *(.init2)
 .init2         0x0000675a        0xc c:/winavr/bin/../lib/gcc/avr/4.3.3/../../../../avr/lib/avr5/crtm644.o
 *(.init2)
 *(.init3)
 *(.init3)
 *(.init4)
 .init4         0x00006766       0x16 c:/winavr/bin/../lib/gcc/avr/4.3.3/avr5\libgcc.a(_copy_data.o)
                0x00006766                __do_copy_data
 .init4         0x0000677c       0x10 c:/winavr/bin/../lib/gcc/avr/4.3.3/avr5\libgcc.a(_clear_bss.o)
                0x0000677c                __do_clear_bss
 *(.init4)
 *(.init5)
 *(.init5)
 *(.init6)
 *(.init6)
 *(.init7)
 .init7         0x0000678c       0x16 uzeboxCore.o
                0x0000678c                wdt_init
 *(.init7)
 *(.init8)
 .init8         0x000067a2       0x84 uzeboxCore.o
                0x000067a2                Initialize
 *(.init8)
 *(.init9)
 .init9         0x00006826        0x8 c:/winavr/bin/../lib/gcc/avr/4.3.3/../../../../avr/lib/avr5/crtm644.o
 *(.init9)
 *(.text)
 .text          0x0000682e        0x4 c:/winavr/bin/../lib/gcc/avr/4.3.3/../../../../avr/lib/avr5/crtm644.o
                0x0000682e                __vector_22
                0x0000682e                __vector_1
                0x0000682e                __vector_24
                0x0000682e                __vector_12
                0x0000682e                __bad_interrupt
                0x0000682e                __vector_6
                0x0000682e                __vector_3
                0x0000682e                __vector_23
                0x0000682e                __vector_25
                0x0000682e                __vector_11
                0x0000682e                __vector_17
                0x0000682e                __vector_19
                0x0000682e                __vector_7
                0x0000682e                __vector_27
                0x0000682e                __vector_5
                0x0000682e                __vector_4
                0x0000682e                __vector_9
                0x0000682e                __vector_2
                0x0000682e                __vector_21
                0x0000682e                __vector_15
                0x0000682e                __vector_26
                0x0000682e                __vector_10
                0x0000682e                __vector_16
                0x0000682e                __vector_18
                0x0000682e                __vector_20
 .text          0x00006832      0x6b2 uzeboxVideoEngineCore.o
                0x00006c1c                BlitSprite
                0x00006b02                CopyRamTile
                0x00006d00                __vector_13
                0x00006d80                __vector_14
                0x000069e4                CopyFlashTile
 .text          0x00006ee4      0x180 uzeboxSoundEngineCore.o
                0x00006ee4                process_music
                0x00006ef0                update_sound
                0x00007064                . = ALIGN (0x2)
 *(.text.*)
 .text.SetSpritesTileBank
                0x00007064       0x12 uzeboxVideoEngineCore.o
                0x00007064                SetSpritesTileBank
 .text.SetTile  0x00007076       0x1c uzeboxVideoEngineCore.o
                0x00007076                SetTile
 .text.SetTileTable
                0x00007092        0xa uzeboxVideoEngineCore.o
                0x00007092                SetTileTable
 .text.GetVsyncFlag
                0x0000709c        0x8 uzeboxVideoEngineCore.o
                0x0000709c                GetVsyncFlag
 .text.ClearVsyncFlag
                0x000070a4        0xc uzeboxVideoEngineCore.o
                0x000070a4                ClearVsyncFlag
 .text.ReadJoypad
                0x000070b0       0x18 uzeboxVideoEngineCore.o
                0x000070b0                ReadJoypad
 .text.WriteEeprom
                0x000070c8       0x14 uzeboxVideoEngineCore.o
                0x000070c8                WriteEeprom
 .text.ReadEeprom
                0x000070dc       0x12 uzeboxVideoEngineCore.o
                0x000070dc                ReadEeprom
 .text.SetUserPostVsyncCallback
                0x000070ee        0xa uzeboxVideoEngineCore.o
                0x000070ee                SetUserPostVsyncCallback
 .text.wdt_randomize
                0x000070f8       0x50 uzeboxVideoEngineCore.o
                0x000070f8                wdt_randomize
 .text.GetTrueRandomSeed
                0x00007148        0xa uzeboxVideoEngineCore.o
                0x00007148                GetTrueRandomSeed
 .text.__vector_8
                0x00007152       0x44 uzeboxVideoEngineCore.o
                0x00007152                __vector_8
 .text.ReadButtons
                0x00007196       0x82 uzeboxCore.o
                0x00007196                ReadButtons
 .text.ReadControllers
                0x00007218       0x22 uzeboxCore.o
                0x00007218                ReadControllers
 .text.DetectControllers
                0x0000723a       0x3a uzeboxCore.o
                0x0000723a                DetectControllers
 .text.FormatEeprom
                0x00007274       0x46 uzeboxCore.o
                0x00007274                FormatEeprom
 .text.isEepromFormatted
                0x000072ba       0x2c uzeboxCore.o
                0x000072ba                isEepromFormatted
 .text.GetPrngNumber
                0x000072e6       0x5e uzeboxCore.o
                0x000072e6                GetPrngNumber
 .text.PatchCommand00
                0x00007344        0x6 uzeboxSoundEngine.o
                0x00007344                PatchCommand00
 .text.PatchCommand01
                0x0000734a       0x12 uzeboxSoundEngine.o
                0x0000734a                PatchCommand01
 .text.PatchCommand02
                0x0000735c        0xa uzeboxSoundEngine.o
                0x0000735c                PatchCommand02
 .text.PatchCommand03
                0x00007366       0x10 uzeboxSoundEngine.o
                0x00007366                PatchCommand03
 .text.PatchCommand04
                0x00007376       0x12 uzeboxSoundEngine.o
                0x00007376                PatchCommand04
 .text.PatchCommand05
                0x00007388        0xa uzeboxSoundEngine.o
                0x00007388                PatchCommand05
 .text.PatchCommand06
                0x00007392        0xa uzeboxSoundEngine.o
                0x00007392                PatchCommand06
 .text.PatchCommand07
                0x0000739c        0x6 uzeboxSoundEngine.o
                0x0000739c                PatchCommand07
 .text.PatchCommand08
                0x000073a2       0x24 uzeboxSoundEngine.o
                0x000073a2                PatchCommand08
 .text.PatchCommand09
                0x000073c6        0x6 uzeboxSoundEngine.o
                0x000073c6                PatchCommand09
 .text.PatchCommand10
                0x000073cc        0x6 uzeboxSoundEngine.o
                0x000073cc                PatchCommand10
 .text.PatchCommand11
                0x000073d2       0x82 uzeboxSoundEngine.o
                0x000073d2                PatchCommand11
 .text.PatchCommand12
                0x00007454        0x6 uzeboxSoundEngine.o
                0x00007454                PatchCommand12
 .text.PatchCommand13
                0x0000745a        0x6 uzeboxSoundEngine.o
                0x0000745a                PatchCommand13
 .text.PatchCommand14
                0x00007460       0x5a uzeboxSoundEngine.o
                0x00007460                PatchCommand14
 .text.InitMusicPlayer
                0x000074ba       0x36 uzeboxSoundEngine.o
                0x000074ba                InitMusicPlayer
 .text.ProcessMusic
                0x000074f0      0x42e uzeboxSoundEngine.o
                0x000074f0                ProcessMusic
 .text.ReadVarLen
                0x0000791e       0x48 uzeboxSoundEngine.o
                0x0000791e                ReadVarLen
 .text.TriggerCommon
                0x00007966      0x106 uzeboxSoundEngine.o
                0x00007966                TriggerCommon
 .text.TriggerFx
                0x00007a6c       0x98 uzeboxSoundEngine.o
                0x00007a6c                TriggerFx
 .text.TriggerNote
                0x00007b04       0x4e uzeboxSoundEngine.o
                0x00007b04                TriggerNote
 .text.SetMasterVolume
                0x00007b52        0x6 uzeboxSoundEngine.o
                0x00007b52                SetMasterVolume
 .text.SetMixerNote
                0x00007b58       0x2e uzeboxSoundEngineCore.o
                0x00007b58                SetMixerNote
 .text.SetMixerWave
                0x00007b86       0x3a uzeboxSoundEngineCore.o
                0x00007b86                SetMixerWave
 *fill*         0x00007bc0       0x40 00
 .text.DisableSoundEngine
                0x00007c00      0x800 uzeboxSoundEngineCore.o
                0x00007c08                steptable
                0x00007c00                DisableSoundEngine
                0x00007e00                waves
 .text.RestoreBackground
                0x00008400       0x2c uzeboxVideoEngine.o
                0x00008400                RestoreBackground
 .text.ProcessSprites
                0x0000842c      0x19a uzeboxVideoEngine.o
                0x0000842c                ProcessSprites
 .text.DisplayLogo
                0x000085c6        0x2 uzeboxVideoEngine.o
                0x000085c6                DisplayLogo
 .text.InitializeVideoMode
                0x000085c8       0x14 uzeboxVideoEngine.o
                0x000085c8                InitializeVideoMode
 .text.VideoModeVsync
                0x000085dc        0xa uzeboxVideoEngine.o
                0x000085dc                VideoModeVsync
 .text.WaitVsync
                0x000085e6       0x2e uzeboxVideoEngine.o
                0x000085e6                WaitVsync
 .text.FadeIn   0x00008614       0x30 uzeboxVideoEngine.o
                0x00008614                FadeIn
 .text.FadeOut  0x00008644       0x32 uzeboxVideoEngine.o
                0x00008644                FadeOut
 .text.ProcessFading
                0x00008676       0x48 uzeboxVideoEngine.o
                0x00008676                ProcessFading
 .text.UzenetMenu
                0x000086be      0x102 main.o
                0x000086be                UzenetMenu
 .text.TitleScreen
                0x000087c0      0x120 main.o
                0x000087c0                TitleScreen
 .text.VsyncHook
                0x000088e0       0x14 main.o
                0x000088e0                VsyncHook
 .text.FillScreenPattern
                0x000088f4       0x7e main.o
                0x000088f4                FillScreenPattern
 .text.DrawRectangle
                0x00008972       0x56 main.o
                0x00008972                DrawRectangle
 .text.DrawFrame
                0x000089c8      0x162 main.o
                0x000089c8                DrawFrame
 .text.DrawBlock
                0x00008b2a       0x6a main.o
                0x00008b2a                DrawBlock
 .text.UpdateFields
                0x00008b94      0x1c0 main.o
                0x00008b94                UpdateFields
 .text.DrawBigChar
                0x00008d54       0x78 main.o
                0x00008d54                DrawBigChar
 .text.DrawBigString
                0x00008dcc       0x34 main.o
                0x00008dcc                DrawBigString
 .text.DrawPreview
                0x00008e00       0x68 main.o
                0x00008e00                DrawPreview
 .text.DrawScreen
                0x00008e68       0xde main.o
                0x00008e68                DrawScreen
 .text.Tick     0x00008f46       0x1c main.o
                0x00008f46                Tick
 .text.main     0x00008f62       0x86 main.o
                0x00008f62                main
 .text.libgcc   0x00008fe8       0x18 c:/winavr/bin/../lib/gcc/avr/4.3.3/avr5\libgcc.a(_udivmodqi4.o)
                0x00008fe8                __udivmodqi4
 .text.libgcc   0x00009000       0x28 c:/winavr/bin/../lib/gcc/avr/4.3.3/avr5\libgcc.a(_udivmodhi4.o)
                0x00009000                __udivmodhi4
 .text.libgcc   0x00009028       0x26 c:/winavr/bin/../lib/gcc/avr/4.3.3/avr5\libgcc.a(_divmodhi4.o)
                0x00009028                __divmodhi4
                0x00009028                _div
 .text.libgcc   0x0000904e       0x38 c:/winavr/bin/../lib/gcc/avr/4.3.3/avr5\libgcc.a(_prologue.o)
                0x0000904e                __prologue_saves__
 .text.libgcc   0x00009086       0x36 c:/winavr/bin/../lib/gcc/avr/4.3.3/avr5\libgcc.a(_epilogue.o)
                0x00009086                __epilogue_restores__
                0x000090bc                . = ALIGN (0x2)
 *(.fini9)
 .fini9         0x000090bc        0x0 c:/winavr/bin/../lib/gcc/avr/4.3.3/avr5\libgcc.a(_exit.o)
                0x000090bc                exit
                0x000090bc                _exit
 *(.fini9)
 *(.fini8)
 *(.fini8)
 *(.fini7)
 *(.fini7)
 *(.fini6)
 *(.fini6)
 *(.fini5)
 *(.fini5)
 *(.fini4)
 *(.fini4)
 *(.fini3)
 *(.fini3)
 *(.fini2)
 *(.fini2)
 *(.fini1)
 *(.fini1)
 *(.fini0)
 .fini0         0x000090bc        0x4 c:/winavr/bin/../lib/gcc/avr/4.3.3/avr5\libgcc.a(_exit.o)
 *(.fini0)
                0x000090c0                _etext = .

.data           0x00800100        0xa load address 0x000090c0
                0x00800100                PROVIDE (__data_start, .)
 *(.data)
 *(.data*)
 .data.spritesOn
                0x00800100        0x1 uzeboxVideoEngine.o
                0x00800100                spritesOn
 *(.rodata)
 *(.rodata*)
 .rodata.orbital_pos_lookup.1951
                0x00800101        0x8 main.o
 *(.gnu.linkonce.d*)
                0x0080010a                . = ALIGN (0x2)
 *fill*         0x00800109        0x1 00
                0x0080010a                _edata = .
                0x0080010a                PROVIDE (__data_end, .)

.bss            0x00800120      0xcff
                0x00800120                PROVIDE (__bss_start, .)
 *(.bss)
 .bss           0x00800120      0xb80 uzeboxVideoEngineCore.o
                0x0080042c                sprites
                0x0080042c                overlay_vram
                0x00800c81                Screen
                0x00800c84                sync_phase
                0x00800c93                joypad2_status_hi
                0x00800c8c                render_lines_count
                0x00800c8f                joypad1_status_hi
                0x00800c85                sync_pulse
                0x0080049c                ram_tiles
                0x00800c8b                first_render_line
                0x00800c76                sprites_tile_banks
                0x00800c8d                joypad1_status_lo
                0x00800120                vram
                0x00800c1c                ram_tiles_restore
                0x00800c91                joypad2_status_lo
                0x00800c86                sync_flags
 .bss           0x00800ca0       0x23 uzeboxSoundEngineCore.o
                0x00800cb6                tr4_barrel_hi
                0x00800cb5                tr4_barrel_lo
                0x00800ca1                mixer
                0x00800cb4                tr4_params
                0x00800ca0                sound_enabled
 *(.bss*)
 .bss.prng_state.1634
                0x00800cc3        0x2 uzeboxCore.o
 .bss.playSong  0x00800cc5        0x1 uzeboxSoundEngine.o
                0x00800cc5                playSong
 .bss.userRamTilesCount
                0x00800cc6        0x1 uzeboxVideoEngine.o
                0x00800cc6                userRamTilesCount
 .bss.userRamTilesCount_tmp
                0x00800cc7        0x1 uzeboxVideoEngine.o
                0x00800cc7                userRamTilesCount_tmp
 *(COMMON)
 COMMON         0x00800cc8        0x1 uzeboxCore.o
                0x00800cc8                joypadsConnectionStatus
 COMMON         0x00800cc9       0x83 uzeboxSoundEngine.o
                0x00800cc9                songStart
                0x00800ccb                tracks
                0x00800d3e                currDeltaTime
                0x00800d40                patchPointers
                0x00800d42                lastStatus
                0x00800d43                masterVolume
                0x00800d44                nextDeltaTime
                0x00800d46                songSpeed
                0x00800d47                songPos
                0x00800d49                loopStart
                0x00800d4b                step
 COMMON         0x00800d4c        0x6 uzeboxVideoEngine.o
                0x00800d4c                fadeSpeed
                0x00800d4d                fadeDir
                0x00800d4e                free_tile_index
                0x00800d4f                fadeActive
                0x00800d50                currFadeFrame
                0x00800d51                fadeStep
 COMMON         0x00800d52       0xcd main.o
                0x00800d52                p
                0x00800e1a                oldPadState
                0x00800e1c                sprite_count
                0x00800e1d                padState
                0x00800e1f                PROVIDE (__bss_end, .)
                0x000090c0                __data_load_start = LOADADDR (.data)
                0x000090ca                __data_load_end = (__data_load_start + SIZEOF (.data))

.noinit         0x00800e1f        0x0
                0x00800e1f                PROVIDE (__noinit_start, .)
 *(.noinit*)
                0x00800e1f                PROVIDE (__noinit_end, .)
                0x00800e1f                _end = .
                0x00800e1f                PROVIDE (__heap_start, .)

.eeprom         0x00810000        0x0
 *(.eeprom*)
                0x00810000                __eeprom_end = .

.fuse
 *(.fuse)
 *(.lfuse)
 *(.hfuse)
 *(.efuse)

.lock
 *(.lock*)

.signature
 *(.signature*)

.stab
 *(.stab)

.stabstr
 *(.stabstr)

.stab.excl
 *(.stab.excl)

.stab.exclstr
 *(.stab.exclstr)

.stab.index
 *(.stab.index)

.stab.indexstr
 *(.stab.indexstr)

.comment
 *(.comment)

.debug
 *(.debug)

.line
 *(.line)

.debug_srcinfo
 *(.debug_srcinfo)

.debug_sfnames
 *(.debug_sfnames)

.debug_aranges  0x00000000      0x4a8
 *(.debug_aranges)
 .debug_aranges
                0x00000000       0xf8 uzeboxVideoEngineCore.o
 .debug_aranges
                0x000000f8       0x90 uzeboxCore.o
 .debug_aranges
                0x00000188       0xf8 uzeboxSoundEngine.o
 .debug_aranges
                0x00000280       0x50 uzeboxSoundEngineCore.o
 .debug_aranges
                0x000002d0      0x100 uzeboxVideoEngine.o
 .debug_aranges
                0x000003d0       0xd8 main.o

.debug_pubnames
                0x00000000      0xade
 *(.debug_pubnames)
 .debug_pubnames
                0x00000000      0x175 uzeboxCore.o
 .debug_pubnames
                0x00000175      0x2c6 uzeboxSoundEngine.o
 .debug_pubnames
                0x0000043b      0x282 uzeboxVideoEngine.o
 .debug_pubnames
                0x000006bd      0x421 main.o

.debug_info     0x00000000     0x3b5a
 *(.debug_info)
 .debug_info    0x00000000       0x8a uzeboxVideoEngineCore.o
 .debug_info    0x0000008a      0x82e uzeboxCore.o
 .debug_info    0x000008b8     0x10a9 uzeboxSoundEngine.o
 .debug_info    0x00001961       0x81 uzeboxSoundEngineCore.o
 .debug_info    0x000019e2      0xd99 uzeboxVideoEngine.o
 .debug_info    0x0000277b     0x13df main.o
 *(.gnu.linkonce.wi.*)

.debug_abbrev   0x00000000      0xbfe
 *(.debug_abbrev)
 .debug_abbrev  0x00000000       0x12 uzeboxVideoEngineCore.o
 .debug_abbrev  0x00000012      0x28f uzeboxCore.o
 .debug_abbrev  0x000002a1      0x26b uzeboxSoundEngine.o
 .debug_abbrev  0x0000050c       0x12 uzeboxSoundEngineCore.o
 .debug_abbrev  0x0000051e      0x2fb uzeboxVideoEngine.o
 .debug_abbrev  0x00000819      0x3e5 main.o

.debug_line     0x00000000     0x2c7c
 *(.debug_line)
 .debug_line    0x00000000      0x52c uzeboxVideoEngineCore.o
 .debug_line    0x0000052c      0x556 uzeboxCore.o
 .debug_line    0x00000a82      0x9e7 uzeboxSoundEngine.o
 .debug_line    0x00001469      0x1ac uzeboxSoundEngineCore.o
 .debug_line    0x00001615      0x9e1 uzeboxVideoEngine.o
 .debug_line    0x00001ff6      0xc86 main.o

.debug_frame    0x00000000      0x640
 *(.debug_frame)
 .debug_frame   0x00000000      0x100 uzeboxCore.o
 .debug_frame   0x00000100      0x1d0 uzeboxSoundEngine.o
 .debug_frame   0x000002d0      0x1e0 uzeboxVideoEngine.o
 .debug_frame   0x000004b0      0x190 main.o

.debug_str      0x00000000      0xeb4
 *(.debug_str)
 .debug_str     0x00000000      0x432 uzeboxCore.o
                                0x47f (size before relaxing)
 .debug_str     0x00000432      0x3ef uzeboxSoundEngine.o
                                0x5d7 (size before relaxing)
 .debug_str     0x00000821      0x2b2 uzeboxVideoEngine.o
                                0x3c8 (size before relaxing)
 .debug_str     0x00000ad3      0x3e1 main.o
                                0x655 (size before relaxing)

.debug_loc      0x00000000     0x20a9
 *(.debug_loc)
 .debug_loc     0x00000000      0x34b uzeboxCore.o
 .debug_loc     0x0000034b      0x9ad uzeboxSoundEngine.o
 .debug_loc     0x00000cf8      0xc1b uzeboxVideoEngine.o
 .debug_loc     0x00001913      0x796 main.o

.debug_macinfo
 *(.debug_macinfo)
OUTPUT(BLOCKBOY.elf elf32-avr)
LOAD linker stubs

.debug_ranges   0x00000000      0x5c0
 .debug_ranges  0x00000000       0xf0 uzeboxVideoEngineCore.o
 .debug_ranges  0x000000f0       0x88 uzeboxCore.o
 .debug_ranges  0x00000178      0x108 uzeboxSoundEngine.o
 .debug_ranges  0x00000280       0x48 uzeboxSoundEngineCore.o
 .debug_ranges  0x000002c8      0x168 uzeboxVideoEngine.o
 .debug_ranges  0x00000430      0x190 main.o
