Archive member included because of file (symbol)

c:/winavr/bin/../lib/gcc/avr/4.3.3/avr5\libgcc.a(_udivmodqi4.o)
                              uzeboxVideoEngine.o (__udivmodqi4)
c:/winavr/bin/../lib/gcc/avr/4.3.3/avr5\libgcc.a(_udivmodhi4.o)
                              uzeboxVideoEngine.o (__udivmodhi4)
c:/winavr/bin/../lib/gcc/avr/4.3.3/avr5\libgcc.a(_divmodhi4.o)
                              uzeboxSoundEngine.o (__divmodhi4)
c:/winavr/bin/../lib/gcc/avr/4.3.3/avr5\libgcc.a(_udivmodsi4.o)
                              uzeboxVideoEngine.o (__udivmodsi4)
c:/winavr/bin/../lib/gcc/avr/4.3.3/avr5\libgcc.a(_prologue.o)
                              uzeboxCore.o (__prologue_saves__)
c:/winavr/bin/../lib/gcc/avr/4.3.3/avr5\libgcc.a(_epilogue.o)
                              uzeboxCore.o (__epilogue_restores__)
c:/winavr/bin/../lib/gcc/avr/4.3.3/avr5\libgcc.a(_exit.o)
                              c:/winavr/bin/../lib/gcc/avr/4.3.3/../../../../avr/lib/avr5/crtm644.o (exit)
c:/winavr/bin/../lib/gcc/avr/4.3.3/avr5\libgcc.a(_copy_data.o)
                              uzeboxVideoEngine.o (__do_copy_data)
c:/winavr/bin/../lib/gcc/avr/4.3.3/avr5\libgcc.a(_clear_bss.o)
                              uzeboxCore.o (__do_clear_bss)

Allocating common symbols
Common symbol       size              file

songStart           0x2               uzeboxSoundEngine.o
guijuststarted      0x1               main.o
oldpadstate         0x2               main.o
padstate            0x2               main.o
tracks              0x6e              uzeboxSoundEngine.o
fadeSpeed           0x1               uzeboxVideoEngine.o
currDeltaTime       0x2               uzeboxSoundEngine.o
demonum             0x1               main.o
optimummoves        0x2               main.o
fadeDir             0x1               uzeboxVideoEngine.o
patchPointers       0x2               uzeboxSoundEngine.o
bx                  0x1               main.o
py                  0x1               main.o
moves               0x2               main.o
lastStatus          0x1               uzeboxSoundEngine.o
spritecount         0x1               main.o
ineffectnum         0x1               main.o
levelparmet         0x1               main.o
joypadsConnectionStatus
                    0x1               uzeboxCore.o
pstate              0x1               main.o
free_tile_index     0x1               uzeboxVideoEngine.o
menurestore         0x4               main.o
outeffectnum        0x1               main.o
fadeActive          0x1               uzeboxVideoEngine.o
tracknum            0x1               main.o
gamestate           0x1               main.o
masterVolume        0x1               uzeboxSoundEngine.o
pushes              0x2               main.o
tileset             0x1               main.o
nextDeltaTime       0x2               uzeboxSoundEngine.o
songSpeed           0x1               uzeboxSoundEngine.o
opentargets         0x1               main.o
numlevels           0x1               main.o
songPos             0x2               uzeboxSoundEngine.o
level               0x1               main.o
cursorpos           0x1               main.o
by                  0x1               main.o
poffset             0x1               main.o
pftime              0x1               main.o
optimumpushes       0x2               main.o
bnx                 0x1               main.o
loopStart           0x2               uzeboxSoundEngine.o
guistate            0x1               main.o
px                  0x1               main.o
bny                 0x1               main.o
currFadeFrame       0x1               uzeboxVideoEngine.o
demo                0x1               main.o
fadeStep            0x1               uzeboxVideoEngine.o
pframe              0x1               main.o
demoplaying         0x1               main.o
levelcompleted      0x1               main.o

Discarded input sections

 .data          0x00000000        0x0 c:/winavr/bin/../lib/gcc/avr/4.3.3/../../../../avr/lib/avr5/crtm644.o
 .bss           0x00000000        0x0 c:/winavr/bin/../lib/gcc/avr/4.3.3/../../../../avr/lib/avr5/crtm644.o
 .data          0x00000000        0x0 uzeboxVideoEngineCore.o
 .text.SetSpritesTileBank
                0x00000000        0x0 uzeboxVideoEngineCore.o
 .text.SetFont  0x00000000        0x0 uzeboxVideoEngineCore.o
 .text.SetFontTilesIndex
                0x00000000        0x0 uzeboxVideoEngineCore.o
 .text.GetTile  0x00000000        0x0 uzeboxVideoEngineCore.o
 .text.WaitUs   0x00000000        0x0 uzeboxVideoEngineCore.o
 .text.SetUserPreVsyncCallback
                0x00000000        0x0 uzeboxVideoEngineCore.o
 .text.SetUserPostVsyncCallback
                0x00000000        0x0 uzeboxVideoEngineCore.o
 .text.IsRunningInEmulator
                0x00000000        0x0 uzeboxVideoEngineCore.o
 .text.WaitClocks
                0x00000000        0x0 uzeboxVideoEngineCore.o
 .text.SetLedOn
                0x00000000        0x0 uzeboxVideoEngineCore.o
 .text.SetLedOff
                0x00000000        0x0 uzeboxVideoEngineCore.o
 .text.ToggleLed
                0x00000000        0x0 uzeboxVideoEngineCore.o
 .text.internal_spi_byte
                0x00000000        0x0 uzeboxVideoEngineCore.o
 .text          0x00000000        0x0 uzeboxCore.o
 .data          0x00000000        0x0 uzeboxCore.o
 .bss           0x00000000        0x0 uzeboxCore.o
 .text.SetRenderingParameters
                0x00000000        0x0 uzeboxCore.o
 .text.DetectControllers
                0x00000000        0x0 uzeboxCore.o
 .text.ReadPowerSwitch
                0x00000000        0x0 uzeboxCore.o
 .text.FormatEeprom2
                0x00000000        0x0 uzeboxCore.o
 .text          0x00000000        0x0 uzeboxSoundEngine.o
 .data          0x00000000        0x0 uzeboxSoundEngine.o
 .text.RestartSong
                0x00000000        0x0 uzeboxSoundEngine.o
 .text.ResumeSong
                0x00000000        0x0 uzeboxSoundEngine.o
 .text.SetSongSpeed
                0x00000000        0x0 uzeboxSoundEngine.o
 .text.GetSongSpeed
                0x00000000        0x0 uzeboxSoundEngine.o
 .text.GetMasterVolume
                0x00000000        0x0 uzeboxSoundEngine.o
 .data          0x00000000        0x0 uzeboxSoundEngineCore.o
 .text.SetMixerNoiseParams
                0x00000000        0x0 uzeboxSoundEngineCore.o
 .text.SetMixerVolume
                0x00000000        0x0 uzeboxSoundEngineCore.o
 .text.EnableSoundEngine
                0x00000000        0x0 uzeboxSoundEngineCore.o
 .text          0x00000000        0x0 uzeboxVideoEngine.o
 .bss           0x00000000        0x0 uzeboxVideoEngine.o
 .text.SetSpriteVisibility
                0x00000000        0x0 uzeboxVideoEngine.o
 .text.PalletBlitSprite
                0x00000000        0x0 uzeboxVideoEngine.o
 .text.MapSprite
                0x00000000        0x0 uzeboxVideoEngine.o
 .text.MapSprite2
                0x00000000        0x0 uzeboxVideoEngine.o
 .text.MoveSprite
                0x00000000        0x0 uzeboxVideoEngine.o
 .text.FontFill
                0x00000000        0x0 uzeboxVideoEngine.o
 .text.PrintChar
                0x00000000        0x0 uzeboxVideoEngine.o
 .text.PrintRam
                0x00000000        0x0 uzeboxVideoEngine.o
 .text.Print    0x00000000        0x0 uzeboxVideoEngine.o
 .text.PrintHexByte
                0x00000000        0x0 uzeboxVideoEngine.o
 .text.PrintHexLong
                0x00000000        0x0 uzeboxVideoEngine.o
 .text.PrintHexInt
                0x00000000        0x0 uzeboxVideoEngine.o
 .text.PrintBinaryByte
                0x00000000        0x0 uzeboxVideoEngine.o
 .text.PrintInt
                0x00000000        0x0 uzeboxVideoEngine.o
 .text.PrintByte
                0x00000000        0x0 uzeboxVideoEngine.o
 .text.PrintLong
                0x00000000        0x0 uzeboxVideoEngine.o
 .text.Fill     0x00000000        0x0 uzeboxVideoEngine.o
 .text.DrawMap  0x00000000        0x0 uzeboxVideoEngine.o
 .text.DrawMap2
                0x00000000        0x0 uzeboxVideoEngine.o
 .text          0x00000000        0x0 main.o
 .text.SetVram  0x00000000        0x0 main.o
 .text.ClearSprites
                0x00000000        0x0 main.o
 .text.ComposeRamTile
                0x00000000        0x0 main.o
 .text.ttoramcolorkey
                0x00000000        0x0 main.o
 .text.storam   0x00000000        0x0 main.o
 .text.rotateram
                0x00000000        0x0 main.o
 .text.printramtilesoverlaid
                0x00000000        0x0 main.o
 .text.printramtiles
                0x00000000        0x0 main.o
 .text.SetGuiState
                0x00000000        0x0 main.o
 .text.LinearWindow
                0x00000000        0x0 main.o
 .text.DoScreenInEffect
                0x00000000        0x0 main.o
 .text.AmericaEnterance
                0x00000000        0x0 main.o
 .text.EgyptEnterance
                0x00000000        0x0 main.o
 .text.SouthPoleEnterance
                0x00000000        0x0 main.o
 .text.ChinaEnterance
                0x00000000        0x0 main.o
 .text.JapanEnterance
                0x00000000        0x0 main.o
 .text.ColorSection
                0x00000000        0x0 main.o
 .text.DrawMapSection
                0x00000000        0x0 main.o
 .text.CloseGui
                0x00000000        0x0 main.o
 .text.GuiScreenFlush
                0x00000000        0x0 main.o
 .text.StartMusicTrack
                0x00000000        0x0 main.o
 .text.OptionsMenu
                0x00000000        0x0 main.o
 .text          0x00000000        0x0 c:/winavr/bin/../lib/gcc/avr/4.3.3/avr5\libgcc.a(_udivmodqi4.o)
 .data          0x00000000        0x0 c:/winavr/bin/../lib/gcc/avr/4.3.3/avr5\libgcc.a(_udivmodqi4.o)
 .bss           0x00000000        0x0 c:/winavr/bin/../lib/gcc/avr/4.3.3/avr5\libgcc.a(_udivmodqi4.o)
 .text          0x00000000        0x0 c:/winavr/bin/../lib/gcc/avr/4.3.3/avr5\libgcc.a(_udivmodhi4.o)
 .data          0x00000000        0x0 c:/winavr/bin/../lib/gcc/avr/4.3.3/avr5\libgcc.a(_udivmodhi4.o)
 .bss           0x00000000        0x0 c:/winavr/bin/../lib/gcc/avr/4.3.3/avr5\libgcc.a(_udivmodhi4.o)
 .text          0x00000000        0x0 c:/winavr/bin/../lib/gcc/avr/4.3.3/avr5\libgcc.a(_divmodhi4.o)
 .data          0x00000000        0x0 c:/winavr/bin/../lib/gcc/avr/4.3.3/avr5\libgcc.a(_divmodhi4.o)
 .bss           0x00000000        0x0 c:/winavr/bin/../lib/gcc/avr/4.3.3/avr5\libgcc.a(_divmodhi4.o)
 .text          0x00000000        0x0 c:/winavr/bin/../lib/gcc/avr/4.3.3/avr5\libgcc.a(_udivmodsi4.o)
 .data          0x00000000        0x0 c:/winavr/bin/../lib/gcc/avr/4.3.3/avr5\libgcc.a(_udivmodsi4.o)
 .bss           0x00000000        0x0 c:/winavr/bin/../lib/gcc/avr/4.3.3/avr5\libgcc.a(_udivmodsi4.o)
 .text.libgcc   0x00000000        0x0 c:/winavr/bin/../lib/gcc/avr/4.3.3/avr5\libgcc.a(_udivmodsi4.o)
 .text          0x00000000        0x0 c:/winavr/bin/../lib/gcc/avr/4.3.3/avr5\libgcc.a(_prologue.o)
 .data          0x00000000        0x0 c:/winavr/bin/../lib/gcc/avr/4.3.3/avr5\libgcc.a(_prologue.o)
 .bss           0x00000000        0x0 c:/winavr/bin/../lib/gcc/avr/4.3.3/avr5\libgcc.a(_prologue.o)
 .text          0x00000000        0x0 c:/winavr/bin/../lib/gcc/avr/4.3.3/avr5\libgcc.a(_epilogue.o)
 .data          0x00000000        0x0 c:/winavr/bin/../lib/gcc/avr/4.3.3/avr5\libgcc.a(_epilogue.o)
 .bss           0x00000000        0x0 c:/winavr/bin/../lib/gcc/avr/4.3.3/avr5\libgcc.a(_epilogue.o)
 .text          0x00000000        0x0 c:/winavr/bin/../lib/gcc/avr/4.3.3/avr5\libgcc.a(_exit.o)
 .data          0x00000000        0x0 c:/winavr/bin/../lib/gcc/avr/4.3.3/avr5\libgcc.a(_exit.o)
 .bss           0x00000000        0x0 c:/winavr/bin/../lib/gcc/avr/4.3.3/avr5\libgcc.a(_exit.o)
 .text.libgcc   0x00000000        0x0 c:/winavr/bin/../lib/gcc/avr/4.3.3/avr5\libgcc.a(_exit.o)
 .text          0x00000000        0x0 c:/winavr/bin/../lib/gcc/avr/4.3.3/avr5\libgcc.a(_copy_data.o)
 .data          0x00000000        0x0 c:/winavr/bin/../lib/gcc/avr/4.3.3/avr5\libgcc.a(_copy_data.o)
 .bss           0x00000000        0x0 c:/winavr/bin/../lib/gcc/avr/4.3.3/avr5\libgcc.a(_copy_data.o)
 .text.libgcc   0x00000000        0x0 c:/winavr/bin/../lib/gcc/avr/4.3.3/avr5\libgcc.a(_copy_data.o)
 .text          0x00000000        0x0 c:/winavr/bin/../lib/gcc/avr/4.3.3/avr5\libgcc.a(_clear_bss.o)
 .data          0x00000000        0x0 c:/winavr/bin/../lib/gcc/avr/4.3.3/avr5\libgcc.a(_clear_bss.o)
 .bss           0x00000000        0x0 c:/winavr/bin/../lib/gcc/avr/4.3.3/avr5\libgcc.a(_clear_bss.o)
 .text.libgcc   0x00000000        0x0 c:/winavr/bin/../lib/gcc/avr/4.3.3/avr5\libgcc.a(_clear_bss.o)

Memory Configuration

Name             Origin             Length             Attributes
text             0x00000000         0x00020000         xr
data             0x00800060         0x0000ffa0         rw !x
eeprom           0x00810000         0x00010000         rw !x
fuse             0x00820000         0x00000400         rw !x
lock             0x00830000         0x00000400         rw !x
signature        0x00840000         0x00000400         rw !x
*default*        0x00000000         0xffffffff

Linker script and memory map

Address of section .data set to 0x800100
LOAD c:/winavr/bin/../lib/gcc/avr/4.3.3/../../../../avr/lib/avr5/crtm644.o
LOAD uzeboxVideoEngineCore.o
LOAD uzeboxCore.o
LOAD uzeboxSoundEngine.o
LOAD uzeboxSoundEngineCore.o
LOAD uzeboxVideoEngine.o
LOAD main.o
LOAD c:/winavr/bin/../lib/gcc/avr/4.3.3/avr5\libgcc.a
LOAD c:/winavr/bin/../lib/gcc/avr/4.3.3/../../../../avr/lib/avr5\libc.a
LOAD c:/winavr/bin/../lib/gcc/avr/4.3.3/avr5\libgcc.a

.hash
 *(.hash)

.dynsym
 *(.dynsym)

.dynstr
 *(.dynstr)

.gnu.version
 *(.gnu.version)

.gnu.version_d
 *(.gnu.version_d)

.gnu.version_r
 *(.gnu.version_r)

.rel.init
 *(.rel.init)

.rela.init
 *(.rela.init)

.rel.text
 *(.rel.text)
 *(.rel.text.*)
 *(.rel.gnu.linkonce.t*)

.rela.text
 *(.rela.text)
 *(.rela.text.*)
 *(.rela.gnu.linkonce.t*)

.rel.fini
 *(.rel.fini)

.rela.fini
 *(.rela.fini)

.rel.rodata
 *(.rel.rodata)
 *(.rel.rodata.*)
 *(.rel.gnu.linkonce.r*)

.rela.rodata
 *(.rela.rodata)
 *(.rela.rodata.*)
 *(.rela.gnu.linkonce.r*)

.rel.data
 *(.rel.data)
 *(.rel.data.*)
 *(.rel.gnu.linkonce.d*)

.rela.data
 *(.rela.data)
 *(.rela.data.*)
 *(.rela.gnu.linkonce.d*)

.rel.ctors
 *(.rel.ctors)

.rela.ctors
 *(.rela.ctors)

.rel.dtors
 *(.rel.dtors)

.rela.dtors
 *(.rela.dtors)

.rel.got
 *(.rel.got)

.rela.got
 *(.rela.got)

.rel.bss
 *(.rel.bss)

.rela.bss
 *(.rela.bss)

.rel.plt
 *(.rel.plt)

.rela.plt
 *(.rela.plt)

.text           0x00000000     0xeede
 *(.vectors)
 .vectors       0x00000000       0x70 c:/winavr/bin/../lib/gcc/avr/4.3.3/../../../../avr/lib/avr5/crtm644.o
                0x00000000                __vectors
                0x00000000                __vector_default
 *(.vectors)
 *(.progmem.gcc*)
 *(.progmem*)
 .progmem.data  0x00000070       0x4e uzeboxCore.o
                0x00000070                eeprom_format_table
                0x00000090                io_table
 .progmem.data  0x000000be       0x1a uzeboxSoundEngine.o
                0x000000be                patchCommands
 .progmem.data  0x000000d8        0xc uzeboxVideoEngine.o
                0x000000d8                fader
 .progmem.data  0x000000e4     0xa8bc main.o
                0x0000a784                strEnd1
                0x0000a846                strEnd9
                0x00006643                patch27
                0x000065d9                patch22
                0x000066d5                patch40
                0x000065db                patch23
                0x0000a7c4                strEnd4
                0x0000654e                patch14
                0x0000654a                patch12
                0x000065a4                patch18
                0x0000a87e                strEnd11
                0x000000e4                GameTiles
                0x00006522                patch07
                0x0000840d                Maps
                0x00006480                patch00
                0x0000a7dc                strEnd5
                0x00006494                patch01
                0x00006423                FrameTable
                0x00006590                patch17
                0x00006667                patch30
                0x0000a7f5                strEnd6
                0x000066f9                patches
                0x0000654c                patch13
                0x00006632                patch26
                0x00006548                patch11
                0x000034a4                colormap
                0x00009a1f                Demos
                0x00006dec                EgyptSong
                0x00006478                MirrorTable
                0x000065d7                patch21
                0x000066a9                patch33
                0x000066cd                patch36
                0x00006550                patch15
                0x00006681                patch31
                0x000066ba                patch34
                0x000064e7                patch05
                0x000065f8                patch24
                0x0000a864                strEnd10
                0x0000a7b2                strEnd3
                0x000034e1                ScreenFadeParms
                0x000066d3                patch39
                0x00003523                ScreenFadeTable
                0x000066d1                patch38
                0x00006665                patch29
                0x00007eb6                JapanSong
                0x00006546                patch10
                0x00007935                SouthPoleSong
                0x000064bf                patch03
                0x000034a9                TitleMap
                0x00006535                patch09
                0x000064d3                patch04
                0x0000a799                strEnd2
                0x0000a77d                strIntro1
                0x0000a810                strEnd7
                0x00006570                patch16
                0x0000a898                strEnd12
                0x00006695                patch32
                0x00006524                patch08
                0x000066f6                patch41
                0x0000723f                ChinaSong
                0x00006609                patch25
                0x00006501                patch06
                0x000065c6                patch20
                0x000064a8                patch02
                0x000066cf                patch37
                0x000065b5                patch19
                0x000066cb                patch35
                0x00003723                GameSprites
                0x0000a82b                strEnd8
                0x0000698d                AmericaSong
                0x00006873                LevelClearSong
                0x00006654                patch28
                0x0000a9a0                . = ALIGN (0x2)
                0x0000a9a0                __trampolines_start = .
 *(.trampolines)
 .trampolines   0x0000a9a0        0x0 linker stubs
 *(.trampolines*)
                0x0000a9a0                __trampolines_end = .
 *(.jumptables)
 *(.jumptables*)
 *(.lowtext)
 *(.lowtext*)
                0x0000a9a0                __ctors_start = .
 *(.ctors)
                0x0000a9a0                __ctors_end = .
                0x0000a9a0                __dtors_start = .
 *(.dtors)
                0x0000a9a0                __dtors_end = .
 SORT(*)(.ctors)
 SORT(*)(.dtors)
 *(.init0)
 .init0         0x0000a9a0        0x0 c:/winavr/bin/../lib/gcc/avr/4.3.3/../../../../avr/lib/avr5/crtm644.o
                0x0000a9a0                __init
 *(.init0)
 *(.init1)
 *(.init1)
 *(.init2)
 .init2         0x0000a9a0        0xc c:/winavr/bin/../lib/gcc/avr/4.3.3/../../../../avr/lib/avr5/crtm644.o
 *(.init2)
 *(.init3)
 .init3         0x0000a9ac       0x12 uzeboxCore.o
                0x0000a9ac                wdt_init
 *(.init3)
 *(.init4)
 .init4         0x0000a9be       0x16 c:/winavr/bin/../lib/gcc/avr/4.3.3/avr5\libgcc.a(_copy_data.o)
                0x0000a9be                __do_copy_data
 .init4         0x0000a9d4       0x10 c:/winavr/bin/../lib/gcc/avr/4.3.3/avr5\libgcc.a(_clear_bss.o)
                0x0000a9d4                __do_clear_bss
 *(.init4)
 *(.init5)
 *(.init5)
 *(.init6)
 *(.init6)
 *(.init7)
 *(.init7)
 *(.init8)
 .init8         0x0000a9e4       0x7c uzeboxCore.o
                0x0000a9e4                Initialize
 *(.init8)
 *(.init9)
 .init9         0x0000aa60        0x8 c:/winavr/bin/../lib/gcc/avr/4.3.3/../../../../avr/lib/avr5/crtm644.o
 *(.init9)
 *(.text)
 .text          0x0000aa68        0x4 c:/winavr/bin/../lib/gcc/avr/4.3.3/../../../../avr/lib/avr5/crtm644.o
                0x0000aa68                __vector_22
                0x0000aa68                __vector_1
                0x0000aa68                __vector_24
                0x0000aa68                __vector_12
                0x0000aa68                __bad_interrupt
                0x0000aa68                __vector_6
                0x0000aa68                __vector_3
                0x0000aa68                __vector_23
                0x0000aa68                __vector_25
                0x0000aa68                __vector_11
                0x0000aa68                __vector_17
                0x0000aa68                __vector_19
                0x0000aa68                __vector_7
                0x0000aa68                __vector_27
                0x0000aa68                __vector_5
                0x0000aa68                __vector_4
                0x0000aa68                __vector_9
                0x0000aa68                __vector_2
                0x0000aa68                __vector_21
                0x0000aa68                __vector_15
                0x0000aa68                __vector_8
                0x0000aa68                __vector_26
                0x0000aa68                __vector_10
                0x0000aa68                __vector_16
                0x0000aa68                __vector_18
                0x0000aa68                __vector_20
 .text          0x0000aa6c      0x58a uzeboxVideoEngineCore.o
                0x0000ad34                BlitSprite
                0x0000ae14                __vector_13
                0x0000ac12                CopyTileToRam
                0x0000ae94                __vector_14
 .text          0x0000aff6      0x180 uzeboxSoundEngineCore.o
                0x0000aff6                process_music
                0x0000b002                update_sound
                0x0000b176                . = ALIGN (0x2)
 *(.text.*)
 .text.SetSpritesTileTable
                0x0000b176        0xa uzeboxVideoEngineCore.o
                0x0000b176                SetSpritesTileTable
 .text.ClearVram
                0x0000b180       0x14 uzeboxVideoEngineCore.o
                0x0000b180                ClearVram
 .text.SetTile  0x0000b194       0x1c uzeboxVideoEngineCore.o
                0x0000b194                SetTile
 .text.SetTileTable
                0x0000b1b0        0xa uzeboxVideoEngineCore.o
                0x0000b1b0                SetTileTable
 .text.GetVsyncFlag
                0x0000b1ba        0x8 uzeboxVideoEngineCore.o
                0x0000b1ba                GetVsyncFlag
 .text.ClearVsyncFlag
                0x0000b1c2        0xc uzeboxVideoEngineCore.o
                0x0000b1c2                ClearVsyncFlag
 .text.ReadJoypad
                0x0000b1ce       0x18 uzeboxVideoEngineCore.o
                0x0000b1ce                ReadJoypad
 .text.WriteEeprom
                0x0000b1e6       0x14 uzeboxVideoEngineCore.o
                0x0000b1e6                WriteEeprom
 .text.ReadEeprom
                0x0000b1fa       0x12 uzeboxVideoEngineCore.o
                0x0000b1fa                ReadEeprom
 .text.SoftReset
                0x0000b20c       0x18 uzeboxCore.o
                0x0000b20c                SoftReset
 .text.ReadButtons
                0x0000b224       0x6e uzeboxCore.o
                0x0000b224                ReadButtons
 .text.ReadControllers
                0x0000b292       0x22 uzeboxCore.o
                0x0000b292                ReadControllers
 .text.isEepromFormatted
                0x0000b2b4       0x2c uzeboxCore.o
                0x0000b2b4                isEepromFormatted
 .text.EepromReadBlock
                0x0000b2e0       0xac uzeboxCore.o
                0x0000b2e0                EepromReadBlock
 .text.EepromWriteBlock
                0x0000b38c       0xc8 uzeboxCore.o
                0x0000b38c                EepromWriteBlock
 .text.FormatEeprom
                0x0000b454       0x46 uzeboxCore.o
                0x0000b454                FormatEeprom
 .text.PatchCommand00
                0x0000b49a        0x6 uzeboxSoundEngine.o
                0x0000b49a                PatchCommand00
 .text.PatchCommand01
                0x0000b4a0       0x12 uzeboxSoundEngine.o
                0x0000b4a0                PatchCommand01
 .text.PatchCommand05
                0x0000b4b2        0xa uzeboxSoundEngine.o
                0x0000b4b2                PatchCommand05
 .text.PatchCommand06
                0x0000b4bc        0xa uzeboxSoundEngine.o
                0x0000b4bc                PatchCommand06
 .text.PatchCommand07
                0x0000b4c6        0x6 uzeboxSoundEngine.o
                0x0000b4c6                PatchCommand07
 .text.PatchCommand09
                0x0000b4cc        0x6 uzeboxSoundEngine.o
                0x0000b4cc                PatchCommand09
 .text.PatchCommand10
                0x0000b4d2        0x6 uzeboxSoundEngine.o
                0x0000b4d2                PatchCommand10
 .text.PatchCommand11
                0x0000b4d8       0x88 uzeboxSoundEngine.o
                0x0000b4d8                PatchCommand11
 .text.PatchCommand12
                0x0000b560        0x6 uzeboxSoundEngine.o
                0x0000b560                PatchCommand12
 .text.InitMusicPlayer
                0x0000b566       0x36 uzeboxSoundEngine.o
                0x0000b566                InitMusicPlayer
 .text.StartSong
                0x0000b59c       0x52 uzeboxSoundEngine.o
                0x0000b59c                StartSong
 .text.StopSong
                0x0000b5ee       0x1c uzeboxSoundEngine.o
                0x0000b5ee                StopSong
 .text.ReadVarLen
                0x0000b60a       0x48 uzeboxSoundEngine.o
                0x0000b60a                ReadVarLen
 .text.SetMasterVolume
                0x0000b652        0x6 uzeboxSoundEngine.o
                0x0000b652                SetMasterVolume
 .text.PatchCommand08
                0x0000b658       0x24 uzeboxSoundEngine.o
                0x0000b658                PatchCommand08
 .text.PatchCommand04
                0x0000b67c       0x10 uzeboxSoundEngine.o
                0x0000b67c                PatchCommand04
 .text.PatchCommand03
                0x0000b68c       0x12 uzeboxSoundEngine.o
                0x0000b68c                PatchCommand03
 .text.TriggerCommon
                0x0000b69e      0x112 uzeboxSoundEngine.o
                0x0000b69e                TriggerCommon
 .text.TriggerNote
                0x0000b7b0       0x96 uzeboxSoundEngine.o
                0x0000b7b0                TriggerNote
 .text.ProcessMusic
                0x0000b846      0x452 uzeboxSoundEngine.o
                0x0000b846                ProcessMusic
 .text.TriggerFx
                0x0000bc98       0x92 uzeboxSoundEngine.o
                0x0000bc98                TriggerFx
 .text.PatchCommand02
                0x0000bd2a        0xa uzeboxSoundEngine.o
                0x0000bd2a                PatchCommand02
 .text.SetMixerNote
                0x0000bd34       0x2e uzeboxSoundEngineCore.o
                0x0000bd34                SetMixerNote
 .text.SetMixerWave
                0x0000bd62       0x3a uzeboxSoundEngineCore.o
                0x0000bd62                SetMixerWave
 *fill*         0x0000bd9c       0x64 00
 .text.DisableSoundEngine
                0x0000be00      0x700 uzeboxSoundEngineCore.o
                0x0000be08                steptable
                0x0000be00                DisableSoundEngine
                0x0000c000                waves
 .text.RestoreBackground
                0x0000c500       0x2e uzeboxVideoEngine.o
                0x0000c500                RestoreBackground
 .text.DisplayLogo
                0x0000c52e        0x2 uzeboxVideoEngine.o
                0x0000c52e                DisplayLogo
 .text.InitializeVideoMode
                0x0000c530       0x14 uzeboxVideoEngine.o
                0x0000c530                InitializeVideoMode
 .text.doFade   0x0000c544       0x1c uzeboxVideoEngine.o
                0x0000c544                doFade
 .text.FadeIn   0x0000c560       0x1e uzeboxVideoEngine.o
                0x0000c560                FadeIn
 .text.FadeOut  0x0000c57e       0x1e uzeboxVideoEngine.o
                0x0000c57e                FadeOut
 .text.ProcessFading
                0x0000c59c       0x48 uzeboxVideoEngine.o
                0x0000c59c                ProcessFading
 .text.WaitVsync
                0x0000c5e4       0x2e uzeboxVideoEngine.o
                0x0000c5e4                WaitVsync
 .text.ProcessSprites
                0x0000c612      0x140 uzeboxVideoEngine.o
                0x0000c612                ProcessSprites
 .text.VideoModeVsync
                0x0000c752        0xa uzeboxVideoEngine.o
                0x0000c752                VideoModeVsync
 .text.printdigitoverlaid
                0x0000c75c       0x8e main.o
                0x0000c75c                printdigitoverlaid
 .text.HideSprites
                0x0000c7ea       0x1e main.o
                0x0000c7ea                HideSprites
 .text.IsBlock  0x0000c808        0xe main.o
                0x0000c808                IsBlock
 .text.IsTBlock
                0x0000c816        0xc main.o
                0x0000c816                IsTBlock
 .text.IsWall   0x0000c822        0xc main.o
                0x0000c822                IsWall
 .text.IsSolid  0x0000c82e       0x24 main.o
                0x0000c82e                IsSolid
 .text.replaceramcolor
                0x0000c852       0x3c main.o
                0x0000c852                replaceramcolor
 .text.ttoram   0x0000c88e       0x22 main.o
                0x0000c88e                ttoram
 .text.printramtilesfancy
                0x0000c8b0       0xae main.o
                0x0000c8b0                printramtilesfancy
 .text.printrainbow
                0x0000c95e       0xc8 main.o
                0x0000c95e                printrainbow
 .text.StartDown
                0x0000ca26       0x26 main.o
                0x0000ca26                StartDown
 .text.SelectDown
                0x0000ca4c       0x24 main.o
                0x0000ca4c                SelectDown
 .text.UpDown   0x0000ca70       0x26 main.o
                0x0000ca70                UpDown
 .text.DownDown
                0x0000ca96       0x26 main.o
                0x0000ca96                DownDown
 .text.LeftDown
                0x0000cabc       0x26 main.o
                0x0000cabc                LeftDown
 .text.RightDown
                0x0000cae2       0x26 main.o
                0x0000cae2                RightDown
 .text.GetMapTile
                0x0000cb08       0x42 main.o
                0x0000cb08                GetMapTile
 .text.SmoothMenuCorners
                0x0000cb4a       0xa6 main.o
                0x0000cb4a                SmoothMenuCorners
 .text.VramFillWindow
                0x0000cbf0       0x78 main.o
                0x0000cbf0                VramFillWindow
 .text.SetMapTile
                0x0000cc68       0x4c main.o
                0x0000cc68                SetMapTile
 .text.SokoMove
                0x0000ccb4      0x1a2 main.o
                0x0000ccb4                SokoMove
 .text.PutSprite
                0x0000ce56       0x3a main.o
                0x0000ce56                PutSprite
 .text.DrawSpriteTile
                0x0000ce90       0xa4 main.o
                0x0000ce90                DrawSpriteTile
 .text.Render   0x0000cf34       0xaa main.o
                0x0000cf34                Render
 .text.SwapTileSet
                0x0000cfde       0x6c main.o
                0x0000cfde                SwapTileSet
 .text.RamifyScreen
                0x0000d04a       0x36 main.o
                0x0000d04a                RamifyScreen
 .text.RamifyTileSet
                0x0000d080       0x36 main.o
                0x0000d080                RamifyTileSet
 .text.BitMaskScreenOut
                0x0000d0b6       0xd6 main.o
                0x0000d0b6                BitMaskScreenOut
 .text.DoScreenOutEffect
                0x0000d18c       0x9e main.o
                0x0000d18c                DoScreenOutEffect
 .text.DemoQuit
                0x0000d22a       0x1e main.o
                0x0000d22a                DemoQuit
 .text.FillScreen
                0x0000d248       0x30 main.o
                0x0000d248                FillScreen
 .text.DrawMenu
                0x0000d278      0x182 main.o
                0x0000d278                DrawMenu
 .text.DrawOpeningMenu
                0x0000d3fa       0xd8 main.o
                0x0000d3fa                DrawOpeningMenu
 .text.print    0x0000d4d2       0x3c main.o
                0x0000d4d2                print
 .text.GameEnding
                0x0000d50e      0x278 main.o
                0x0000d50e                GameEnding
 .text.printi   0x0000d786       0x6c main.o
                0x0000d786                printi
 .text.printb   0x0000d7f2       0x54 main.o
                0x0000d7f2                printb
 .text.GameIntro
                0x0000d846       0x94 main.o
                0x0000d846                GameIntro
 .text.EngineInit
                0x0000d8da       0x48 main.o
                0x0000d8da                EngineInit
 .text.SetLevelCompleted
                0x0000d922       0x82 main.o
                0x0000d922                SetLevelCompleted
 .text.SetMetLevelPar
                0x0000d9a4        0x8 main.o
                0x0000d9a4                SetMetLevelPar
 .text.IsLevelCompleted
                0x0000d9ac       0x68 main.o
                0x0000d9ac                IsLevelCompleted
 .text.AllLevelsCompleted
                0x0000da14       0x1a main.o
                0x0000da14                AllLevelsCompleted
 .text.HasMetLevelPar
                0x0000da2e        0x8 main.o
                0x0000da2e                HasMetLevelPar
 .text.LoadLevel
                0x0000da36      0x1b2 main.o
                0x0000da36                LoadLevel
 .text.RetryLevel
                0x0000dbe8       0x40 main.o
                0x0000dbe8                RetryLevel
 .text.FillPad  0x0000dc28       0x20 main.o
                0x0000dc28                FillPad
 .text.LevelSelect
                0x0000dc48      0x290 main.o
                0x0000dc48                LevelSelect
 .text.VictoryMenu
                0x0000ded8      0x2c8 main.o
                0x0000ded8                VictoryMenu
 .text.Logic    0x0000e1a0      0x1de main.o
                0x0000e1a0                Logic
 .text.CalculateOptimum
                0x0000e37e       0xf8 main.o
                0x0000e37e                CalculateOptimum
 .text.PlayDemo
                0x0000e476      0x1dc main.o
                0x0000e476                PlayDemo
 .text.AttractMode
                0x0000e652       0x1e main.o
                0x0000e652                AttractMode
 .text.InGameMenu
                0x0000e670      0x3c0 main.o
                0x0000e670                InGameMenu
 .text.MainMenu
                0x0000ea30      0x308 main.o
                0x0000ea30                MainMenu
 .text.Gui      0x0000ed38       0x38 main.o
                0x0000ed38                Gui
 .text.Input    0x0000ed70       0x80 main.o
                0x0000ed70                Input
 .text.main     0x0000edf0       0x16 main.o
                0x0000edf0                main
 .text.libgcc   0x0000ee06       0x18 c:/winavr/bin/../lib/gcc/avr/4.3.3/avr5\libgcc.a(_udivmodqi4.o)
                0x0000ee06                __udivmodqi4
 .text.libgcc   0x0000ee1e       0x28 c:/winavr/bin/../lib/gcc/avr/4.3.3/avr5\libgcc.a(_udivmodhi4.o)
                0x0000ee1e                __udivmodhi4
 .text.libgcc   0x0000ee46       0x26 c:/winavr/bin/../lib/gcc/avr/4.3.3/avr5\libgcc.a(_divmodhi4.o)
                0x0000ee46                __divmodhi4
                0x0000ee46                _div
 .text.libgcc   0x0000ee6c       0x38 c:/winavr/bin/../lib/gcc/avr/4.3.3/avr5\libgcc.a(_prologue.o)
                0x0000ee6c                __prologue_saves__
 .text.libgcc   0x0000eea4       0x36 c:/winavr/bin/../lib/gcc/avr/4.3.3/avr5\libgcc.a(_epilogue.o)
                0x0000eea4                __epilogue_restores__
                0x0000eeda                . = ALIGN (0x2)
 *(.fini9)
 .fini9         0x0000eeda        0x0 c:/winavr/bin/../lib/gcc/avr/4.3.3/avr5\libgcc.a(_exit.o)
                0x0000eeda                exit
                0x0000eeda                _exit
 *(.fini9)
 *(.fini8)
 *(.fini8)
 *(.fini7)
 *(.fini7)
 *(.fini6)
 *(.fini6)
 *(.fini5)
 *(.fini5)
 *(.fini4)
 *(.fini4)
 *(.fini3)
 *(.fini3)
 *(.fini2)
 *(.fini2)
 *(.fini1)
 *(.fini1)
 *(.fini0)
 .fini0         0x0000eeda        0x4 c:/winavr/bin/../lib/gcc/avr/4.3.3/avr5\libgcc.a(_exit.o)
 *(.fini0)
                0x0000eede                _etext = .

.data           0x00800100        0x2 load address 0x0000eede
                0x00800100                PROVIDE (__data_start, .)
 *(.data)
 .data          0x00800100        0x1 uzeboxVideoEngine.o
                0x00800100                spritesOn
 .data          0x00800101        0x1 main.o
                0x00800101                musicplaying
 *(.data*)
 *(.rodata)
 *(.rodata*)
 *(.gnu.linkonce.d*)
                0x00800102                . = ALIGN (0x2)
                0x00800102                _edata = .
                0x00800102                PROVIDE (__data_end, .)

.bss            0x00800120      0xc78
                0x00800120                PROVIDE (__bss_start, .)
 *(.bss)
 .bss           0x00800120      0xba0 uzeboxVideoEngineCore.o
                0x00800468                sprites
                0x00800468                overlay_vram
                0x00800c9d                Screen
                0x00800ca0                sync_phase
                0x00800ca8                render_lines_count
                0x00800caa                render_lines_count_tmp
                0x00800ca1                sync_pulse
                0x008004b8                ram_tiles
                0x00800ca7                first_render_line
                0x00800c92                sprites_tile_banks
                0x00800ca9                first_render_line_tmp
                0x00800cab                joypad1_status_lo
                0x00800120                vram
                0x00800c38                ram_tiles_restore
                0x00800cad                joypad2_status_lo
                0x00800ca2                sync_flags
 .bss           0x00800cc0        0x1 uzeboxSoundEngine.o
                0x00800cc0                playSong
 .bss           0x00800cc1       0x23 uzeboxSoundEngineCore.o
                0x00800cd7                tr4_barrel_hi
                0x00800cd6                tr4_barrel_lo
                0x00800cc2                mixer
                0x00800cd5                tr4_params
                0x00800cc1                sound_enabled
 .bss           0x00800ce4        0x5 main.o
                0x00800ce4                musicoff
                0x00800ce6                graphicspreference
                0x00800ce7                preferredtrack
                0x00800ce5                musicpreference
 *(.bss*)
 *(COMMON)
 COMMON         0x00800ce9        0x1 uzeboxCore.o
                0x00800ce9                joypadsConnectionStatus
 COMMON         0x00800cea       0x7d uzeboxSoundEngine.o
                0x00800cea                songStart
                0x00800cec                tracks
                0x00800d5a                currDeltaTime
                0x00800d5c                patchPointers
                0x00800d5e                lastStatus
                0x00800d5f                masterVolume
                0x00800d60                nextDeltaTime
                0x00800d62                songSpeed
                0x00800d63                songPos
                0x00800d65                loopStart
 COMMON         0x00800d67        0x6 uzeboxVideoEngine.o
                0x00800d67                fadeSpeed
                0x00800d68                fadeDir
                0x00800d69                free_tile_index
                0x00800d6a                fadeActive
                0x00800d6b                currFadeFrame
                0x00800d6c                fadeStep
 COMMON         0x00800d6d       0x2b main.o
                0x00800d6d                guijuststarted
                0x00800d6e                oldpadstate
                0x00800d70                padstate
                0x00800d72                demonum
                0x00800d73                optimummoves
                0x00800d75                bx
                0x00800d76                py
                0x00800d77                moves
                0x00800d79                spritecount
                0x00800d7a                ineffectnum
                0x00800d7b                levelparmet
                0x00800d7c                pstate
                0x00800d7d                menurestore
                0x00800d81                outeffectnum
                0x00800d82                tracknum
                0x00800d83                gamestate
                0x00800d84                pushes
                0x00800d86                tileset
                0x00800d87                opentargets
                0x00800d88                numlevels
                0x00800d89                level
                0x00800d8a                cursorpos
                0x00800d8b                by
                0x00800d8c                poffset
                0x00800d8d                pftime
                0x00800d8e                optimumpushes
                0x00800d90                bnx
                0x00800d91                guistate
                0x00800d92                px
                0x00800d93                bny
                0x00800d94                demo
                0x00800d95                pframe
                0x00800d96                demoplaying
                0x00800d97                levelcompleted
                0x00800d98                PROVIDE (__bss_end, .)
                0x0000eede                __data_load_start = LOADADDR (.data)
                0x0000eee0                __data_load_end = (__data_load_start + SIZEOF (.data))

.noinit         0x00800d98        0x0
                0x00800d98                PROVIDE (__noinit_start, .)
 *(.noinit*)
                0x00800d98                PROVIDE (__noinit_end, .)
                0x00800d98                _end = .
                0x00800d98                PROVIDE (__heap_start, .)

.eeprom         0x00810000        0x0
 *(.eeprom*)
                0x00810000                __eeprom_end = .

.fuse
 *(.fuse)
 *(.lfuse)
 *(.hfuse)
 *(.efuse)

.lock
 *(.lock*)

.signature
 *(.signature*)

.stab
 *(.stab)

.stabstr
 *(.stabstr)

.stab.excl
 *(.stab.excl)

.stab.exclstr
 *(.stab.exclstr)

.stab.index
 *(.stab.index)

.stab.indexstr
 *(.stab.indexstr)

.comment
 *(.comment)

.debug
 *(.debug)

.line
 *(.line)

.debug_srcinfo
 *(.debug_srcinfo)

.debug_sfnames
 *(.debug_sfnames)

.debug_aranges  0x00000000      0x628
 *(.debug_aranges)
 .debug_aranges
                0x00000000       0xd0 uzeboxVideoEngineCore.o
 .debug_aranges
                0x000000d0       0x80 uzeboxCore.o
 .debug_aranges
                0x00000150       0xf0 uzeboxSoundEngine.o
 .debug_aranges
                0x00000240       0x50 uzeboxSoundEngineCore.o
 .debug_aranges
                0x00000290      0x100 uzeboxVideoEngine.o
 .debug_aranges
                0x00000390      0x298 main.o

.debug_pubnames
                0x00000000     0x10f3
 *(.debug_pubnames)
 .debug_pubnames
                0x00000000      0x148 uzeboxCore.o
 .debug_pubnames
                0x00000148      0x2a7 uzeboxSoundEngine.o
 .debug_pubnames
                0x000003ef      0x248 uzeboxVideoEngine.o
 .debug_pubnames
                0x00000637      0xabc main.o

.debug_info     0x00000000     0x5a7b
 *(.debug_info)
 .debug_info    0x00000000       0x73 uzeboxVideoEngineCore.o
 .debug_info    0x00000073      0x74e uzeboxCore.o
 .debug_info    0x000007c1     0x107c uzeboxSoundEngine.o
 .debug_info    0x0000183d       0x6a uzeboxSoundEngineCore.o
 .debug_info    0x000018a7      0xf9a uzeboxVideoEngine.o
 .debug_info    0x00002841     0x323a main.o
 *(.gnu.linkonce.wi.*)

.debug_abbrev   0x00000000      0xa50
 *(.debug_abbrev)
 .debug_abbrev  0x00000000       0x12 uzeboxVideoEngineCore.o
 .debug_abbrev  0x00000012      0x244 uzeboxCore.o
 .debug_abbrev  0x00000256      0x252 uzeboxSoundEngine.o
 .debug_abbrev  0x000004a8       0x12 uzeboxSoundEngineCore.o
 .debug_abbrev  0x000004ba      0x269 uzeboxVideoEngine.o
 .debug_abbrev  0x00000723      0x32d main.o

.debug_line     0x00000000     0x4413
 *(.debug_line)
 .debug_line    0x00000000      0x477 uzeboxVideoEngineCore.o
 .debug_line    0x00000477      0x4db uzeboxCore.o
 .debug_line    0x00000952      0x958 uzeboxSoundEngine.o
 .debug_line    0x000012aa      0x1a3 uzeboxSoundEngineCore.o
 .debug_line    0x0000144d      0xab1 uzeboxVideoEngine.o
 .debug_line    0x00001efe     0x2515 main.o

.debug_frame    0x00000000      0x990
 *(.debug_frame)
 .debug_frame   0x00000000       0xe0 uzeboxCore.o
 .debug_frame   0x000000e0      0x1c0 uzeboxSoundEngine.o
 .debug_frame   0x000002a0      0x1e0 uzeboxVideoEngine.o
 .debug_frame   0x00000480      0x510 main.o

.debug_str      0x00000000     0x1321
 *(.debug_str)
 .debug_str     0x00000000      0x3e6 uzeboxCore.o
                                0x42c (size before relaxing)
 .debug_str     0x000003e6      0x3cc uzeboxSoundEngine.o
                                0x5a3 (size before relaxing)
 .debug_str     0x000007b2      0x2dd uzeboxVideoEngine.o
                                0x3d2 (size before relaxing)
 .debug_str     0x00000a8f      0x892 main.o
                                0xa4a (size before relaxing)

.debug_loc      0x00000000     0x3d19
 *(.debug_loc)
 .debug_loc     0x00000000      0x365 uzeboxCore.o
 .debug_loc     0x00000365      0x9a4 uzeboxSoundEngine.o
 .debug_loc     0x00000d09      0xfa0 uzeboxVideoEngine.o
 .debug_loc     0x00001ca9     0x2070 main.o

.debug_macinfo
 *(.debug_macinfo)
OUTPUT(platz_demo.elf elf32-avr)
LOAD linker stubs

.debug_ranges   0x00000000      0x7f0
 .debug_ranges  0x00000000       0xc8 uzeboxVideoEngineCore.o
 .debug_ranges  0x000000c8       0x78 uzeboxCore.o
 .debug_ranges  0x00000140      0x100 uzeboxSoundEngine.o
 .debug_ranges  0x00000240       0x48 uzeboxSoundEngineCore.o
 .debug_ranges  0x00000288      0x158 uzeboxVideoEngine.o
 .debug_ranges  0x000003e0      0x410 main.o
